<?xml version="1.0" encoding="ISO-8859-1" ?>
<link_info>
   <banner>MSP430 Linker PC v18.1.4.LTS</banner>
   <copyright>Copyright (c) 2003-2018 Texas Instruments Incorporated</copyright>
   <link_time>0x5de0544b</link_time>
   <link_errors>0x0</link_errors>
   <output_file>agriculture.out</output_file>
   <entry_point>
      <name>_c_int00_noargs</name>
      <address>0xeae4</address>
   </entry_point>
   <input_file_list>
      <input_file id="fl-2">
         <path>.\</path>
         <kind>object</kind>
         <file>hal_LCD.obj</file>
         <name>hal_LCD.obj</name>
      </input_file>
      <input_file id="fl-3">
         <path>.\</path>
         <kind>object</kind>
         <file>main.obj</file>
         <name>main.obj</name>
      </input_file>
      <input_file id="fl-4">
         <path>.\driverlib\</path>
         <kind>object</kind>
         <file>adc.obj</file>
         <name>adc.obj</name>
      </input_file>
      <input_file id="fl-5">
         <path>.\driverlib\</path>
         <kind>object</kind>
         <file>crc.obj</file>
         <name>crc.obj</name>
      </input_file>
      <input_file id="fl-6">
         <path>.\driverlib\</path>
         <kind>object</kind>
         <file>cs.obj</file>
         <name>cs.obj</name>
      </input_file>
      <input_file id="fl-7">
         <path>.\driverlib\</path>
         <kind>object</kind>
         <file>ecomp.obj</file>
         <name>ecomp.obj</name>
      </input_file>
      <input_file id="fl-8">
         <path>.\driverlib\</path>
         <kind>object</kind>
         <file>eusci_a_spi.obj</file>
         <name>eusci_a_spi.obj</name>
      </input_file>
      <input_file id="fl-9">
         <path>.\driverlib\</path>
         <kind>object</kind>
         <file>eusci_a_uart.obj</file>
         <name>eusci_a_uart.obj</name>
      </input_file>
      <input_file id="fl-a">
         <path>.\driverlib\</path>
         <kind>object</kind>
         <file>eusci_b_i2c.obj</file>
         <name>eusci_b_i2c.obj</name>
      </input_file>
      <input_file id="fl-b">
         <path>.\driverlib\</path>
         <kind>object</kind>
         <file>eusci_b_spi.obj</file>
         <name>eusci_b_spi.obj</name>
      </input_file>
      <input_file id="fl-c">
         <path>.\driverlib\</path>
         <kind>object</kind>
         <file>framctl.obj</file>
         <name>framctl.obj</name>
      </input_file>
      <input_file id="fl-d">
         <path>.\driverlib\</path>
         <kind>object</kind>
         <file>gpio.obj</file>
         <name>gpio.obj</name>
      </input_file>
      <input_file id="fl-e">
         <path>.\driverlib\</path>
         <kind>object</kind>
         <file>icc.obj</file>
         <name>icc.obj</name>
      </input_file>
      <input_file id="fl-f">
         <path>.\driverlib\</path>
         <kind>object</kind>
         <file>lcd_e.obj</file>
         <name>lcd_e.obj</name>
      </input_file>
      <input_file id="fl-10">
         <path>.\driverlib\</path>
         <kind>object</kind>
         <file>mpy32.obj</file>
         <name>mpy32.obj</name>
      </input_file>
      <input_file id="fl-11">
         <path>.\driverlib\</path>
         <kind>object</kind>
         <file>pmm.obj</file>
         <name>pmm.obj</name>
      </input_file>
      <input_file id="fl-12">
         <path>.\driverlib\</path>
         <kind>object</kind>
         <file>rtc.obj</file>
         <name>rtc.obj</name>
      </input_file>
      <input_file id="fl-13">
         <path>.\driverlib\</path>
         <kind>object</kind>
         <file>sac.obj</file>
         <name>sac.obj</name>
      </input_file>
      <input_file id="fl-14">
         <path>.\driverlib\</path>
         <kind>object</kind>
         <file>sfr.obj</file>
         <name>sfr.obj</name>
      </input_file>
      <input_file id="fl-15">
         <path>.\driverlib\</path>
         <kind>object</kind>
         <file>sysctl.obj</file>
         <name>sysctl.obj</name>
      </input_file>
      <input_file id="fl-16">
         <path>.\driverlib\</path>
         <kind>object</kind>
         <file>tia.obj</file>
         <name>tia.obj</name>
      </input_file>
      <input_file id="fl-17">
         <path>.\driverlib\</path>
         <kind>object</kind>
         <file>timer_a.obj</file>
         <name>timer_a.obj</name>
      </input_file>
      <input_file id="fl-18">
         <path>.\driverlib\</path>
         <kind>object</kind>
         <file>timer_b.obj</file>
         <name>timer_b.obj</name>
      </input_file>
      <input_file id="fl-19">
         <path>.\driverlib\</path>
         <kind>object</kind>
         <file>tlv.obj</file>
         <name>tlv.obj</name>
      </input_file>
      <input_file id="fl-1a">
         <path>.\driverlib\</path>
         <kind>object</kind>
         <file>wdt_a.obj</file>
         <name>wdt_a.obj</name>
      </input_file>
      <input_file id="fl-1f">
         <kind>object</kind>
         <file>&lt;internal&gt;</file>
         <name>&lt;internal&gt;</name>
      </input_file>
      <input_file id="fl-35">
         <path>C:\ti\ccsv8\tools\compiler\ti-cgt-msp430_18.1.4.LTS\lib\</path>
         <kind>archive</kind>
         <file>rts430x_lc_sd_eabi.lib</file>
         <name>div16s.asm.obj</name>
      </input_file>
      <input_file id="fl-36">
         <path>C:\ti\ccsv8\tools\compiler\ti-cgt-msp430_18.1.4.LTS\lib\</path>
         <kind>archive</kind>
         <file>rts430x_lc_sd_eabi.lib</file>
         <name>div16u.asm.obj</name>
      </input_file>
      <input_file id="fl-37">
         <path>C:\ti\ccsv8\tools\compiler\ti-cgt-msp430_18.1.4.LTS\lib\</path>
         <kind>archive</kind>
         <file>rts430x_lc_sd_eabi.lib</file>
         <name>div32s.asm.obj</name>
      </input_file>
      <input_file id="fl-38">
         <path>C:\ti\ccsv8\tools\compiler\ti-cgt-msp430_18.1.4.LTS\lib\</path>
         <kind>archive</kind>
         <file>rts430x_lc_sd_eabi.lib</file>
         <name>div32u.asm.obj</name>
      </input_file>
      <input_file id="fl-39">
         <path>C:\ti\ccsv8\tools\compiler\ti-cgt-msp430_18.1.4.LTS\lib\</path>
         <kind>archive</kind>
         <file>rts430x_lc_sd_eabi.lib</file>
         <name>int45.asm.obj</name>
      </input_file>
      <input_file id="fl-3a">
         <path>C:\ti\ccsv8\tools\compiler\ti-cgt-msp430_18.1.4.LTS\lib\</path>
         <kind>archive</kind>
         <file>rts430x_lc_sd_eabi.lib</file>
         <name>int46.asm.obj</name>
      </input_file>
      <input_file id="fl-3b">
         <path>C:\ti\ccsv8\tools\compiler\ti-cgt-msp430_18.1.4.LTS\lib\</path>
         <kind>archive</kind>
         <file>rts430x_lc_sd_eabi.lib</file>
         <name>int47.asm.obj</name>
      </input_file>
      <input_file id="fl-3c">
         <path>C:\ti\ccsv8\tools\compiler\ti-cgt-msp430_18.1.4.LTS\lib\</path>
         <kind>archive</kind>
         <file>rts430x_lc_sd_eabi.lib</file>
         <name>int49.asm.obj</name>
      </input_file>
      <input_file id="fl-3d">
         <path>C:\ti\ccsv8\tools\compiler\ti-cgt-msp430_18.1.4.LTS\lib\</path>
         <kind>archive</kind>
         <file>rts430x_lc_sd_eabi.lib</file>
         <name>int51.asm.obj</name>
      </input_file>
      <input_file id="fl-3e">
         <path>C:\ti\ccsv8\tools\compiler\ti-cgt-msp430_18.1.4.LTS\lib\</path>
         <kind>archive</kind>
         <file>rts430x_lc_sd_eabi.lib</file>
         <name>int52.asm.obj</name>
      </input_file>
      <input_file id="fl-3f">
         <path>C:\ti\ccsv8\tools\compiler\ti-cgt-msp430_18.1.4.LTS\lib\</path>
         <kind>archive</kind>
         <file>rts430x_lc_sd_eabi.lib</file>
         <name>int53.asm.obj</name>
      </input_file>
      <input_file id="fl-40">
         <path>C:\ti\ccsv8\tools\compiler\ti-cgt-msp430_18.1.4.LTS\lib\</path>
         <kind>archive</kind>
         <file>rts430x_lc_sd_eabi.lib</file>
         <name>int54.asm.obj</name>
      </input_file>
      <input_file id="fl-41">
         <path>C:\ti\ccsv8\tools\compiler\ti-cgt-msp430_18.1.4.LTS\lib\</path>
         <kind>archive</kind>
         <file>rts430x_lc_sd_eabi.lib</file>
         <name>int55.asm.obj</name>
      </input_file>
      <input_file id="fl-42">
         <path>C:\ti\ccsv8\tools\compiler\ti-cgt-msp430_18.1.4.LTS\lib\</path>
         <kind>archive</kind>
         <file>rts430x_lc_sd_eabi.lib</file>
         <name>int56.asm.obj</name>
      </input_file>
      <input_file id="fl-43">
         <path>C:\ti\ccsv8\tools\compiler\ti-cgt-msp430_18.1.4.LTS\lib\</path>
         <kind>archive</kind>
         <file>rts430x_lc_sd_eabi.lib</file>
         <name>int57.asm.obj</name>
      </input_file>
      <input_file id="fl-44">
         <path>C:\ti\ccsv8\tools\compiler\ti-cgt-msp430_18.1.4.LTS\lib\</path>
         <kind>archive</kind>
         <file>rts430x_lc_sd_eabi.lib</file>
         <name>int58.asm.obj</name>
      </input_file>
      <input_file id="fl-45">
         <path>C:\ti\ccsv8\tools\compiler\ti-cgt-msp430_18.1.4.LTS\lib\</path>
         <kind>archive</kind>
         <file>rts430x_lc_sd_eabi.lib</file>
         <name>isr_trap.asm.obj</name>
      </input_file>
      <input_file id="fl-46">
         <path>C:\ti\ccsv8\tools\compiler\ti-cgt-msp430_18.1.4.LTS\lib\</path>
         <kind>archive</kind>
         <file>rts430x_lc_sd_eabi.lib</file>
         <name>lsl16.asm.obj</name>
      </input_file>
      <input_file id="fl-47">
         <path>C:\ti\ccsv8\tools\compiler\ti-cgt-msp430_18.1.4.LTS\lib\</path>
         <kind>archive</kind>
         <file>rts430x_lc_sd_eabi.lib</file>
         <name>lsr16.asm.obj</name>
      </input_file>
      <input_file id="fl-48">
         <path>C:\ti\ccsv8\tools\compiler\ti-cgt-msp430_18.1.4.LTS\lib\</path>
         <kind>archive</kind>
         <file>rts430x_lc_sd_eabi.lib</file>
         <name>mult16.asm.obj</name>
      </input_file>
      <input_file id="fl-49">
         <path>C:\ti\ccsv8\tools\compiler\ti-cgt-msp430_18.1.4.LTS\lib\</path>
         <kind>archive</kind>
         <file>rts430x_lc_sd_eabi.lib</file>
         <name>mult32.asm.obj</name>
      </input_file>
      <input_file id="fl-4a">
         <path>C:\ti\ccsv8\tools\compiler\ti-cgt-msp430_18.1.4.LTS\lib\</path>
         <kind>archive</kind>
         <file>rts430x_lc_sd_eabi.lib</file>
         <name>boot.c.obj</name>
      </input_file>
      <input_file id="fl-4b">
         <path>C:\ti\ccsv8\tools\compiler\ti-cgt-msp430_18.1.4.LTS\lib\</path>
         <kind>archive</kind>
         <file>rts430x_lc_sd_eabi.lib</file>
         <name>autoinit.c.obj</name>
      </input_file>
      <input_file id="fl-4c">
         <path>C:\ti\ccsv8\tools\compiler\ti-cgt-msp430_18.1.4.LTS\lib\</path>
         <kind>archive</kind>
         <file>rts430x_lc_sd_eabi.lib</file>
         <name>copy_zero_init.c.obj</name>
      </input_file>
      <input_file id="fl-4d">
         <path>C:\ti\ccsv8\tools\compiler\ti-cgt-msp430_18.1.4.LTS\lib\</path>
         <kind>archive</kind>
         <file>rts430x_lc_sd_eabi.lib</file>
         <name>cpy_tbl.c.obj</name>
      </input_file>
      <input_file id="fl-4e">
         <path>C:\ti\ccsv8\tools\compiler\ti-cgt-msp430_18.1.4.LTS\lib\</path>
         <kind>archive</kind>
         <file>rts430x_lc_sd_eabi.lib</file>
         <name>mpu_init.c.obj</name>
      </input_file>
      <input_file id="fl-4f">
         <path>C:\ti\ccsv8\tools\compiler\ti-cgt-msp430_18.1.4.LTS\lib\</path>
         <kind>archive</kind>
         <file>rts430x_lc_sd_eabi.lib</file>
         <name>pre_init.c.obj</name>
      </input_file>
      <input_file id="fl-50">
         <path>C:\ti\ccsv8\tools\compiler\ti-cgt-msp430_18.1.4.LTS\lib\</path>
         <kind>archive</kind>
         <file>rts430x_lc_sd_eabi.lib</file>
         <name>startup.c.obj</name>
      </input_file>
      <input_file id="fl-51">
         <path>C:\ti\ccsv8\tools\compiler\ti-cgt-msp430_18.1.4.LTS\lib\</path>
         <kind>archive</kind>
         <file>rts430x_lc_sd_eabi.lib</file>
         <name>copy_decompress_none.c.obj</name>
      </input_file>
      <input_file id="fl-52">
         <path>C:\ti\ccsv8\tools\compiler\ti-cgt-msp430_18.1.4.LTS\lib\</path>
         <kind>archive</kind>
         <file>rts430x_lc_sd_eabi.lib</file>
         <name>copy_decompress_lzss.c.obj</name>
      </input_file>
      <input_file id="fl-53">
         <path>C:\ti\ccsv8\tools\compiler\ti-cgt-msp430_18.1.4.LTS\lib\</path>
         <kind>archive</kind>
         <file>rts430x_lc_sd_eabi.lib</file>
         <name>divd.c.obj</name>
      </input_file>
      <input_file id="fl-54">
         <path>C:\ti\ccsv8\tools\compiler\ti-cgt-msp430_18.1.4.LTS\lib\</path>
         <kind>archive</kind>
         <file>rts430x_lc_sd_eabi.lib</file>
         <name>fixdi.c.obj</name>
      </input_file>
      <input_file id="fl-55">
         <path>C:\ti\ccsv8\tools\compiler\ti-cgt-msp430_18.1.4.LTS\lib\</path>
         <kind>archive</kind>
         <file>rts430x_lc_sd_eabi.lib</file>
         <name>fixdli.c.obj</name>
      </input_file>
      <input_file id="fl-56">
         <path>C:\ti\ccsv8\tools\compiler\ti-cgt-msp430_18.1.4.LTS\lib\</path>
         <kind>archive</kind>
         <file>rts430x_lc_sd_eabi.lib</file>
         <name>fltid.c.obj</name>
      </input_file>
      <input_file id="fl-57">
         <path>C:\ti\ccsv8\tools\compiler\ti-cgt-msp430_18.1.4.LTS\lib\</path>
         <kind>archive</kind>
         <file>rts430x_lc_sd_eabi.lib</file>
         <name>fltlid.c.obj</name>
      </input_file>
      <input_file id="fl-58">
         <path>C:\ti\ccsv8\tools\compiler\ti-cgt-msp430_18.1.4.LTS\lib\</path>
         <kind>archive</kind>
         <file>rts430x_lc_sd_eabi.lib</file>
         <name>frcdivd.c.obj</name>
      </input_file>
      <input_file id="fl-59">
         <path>C:\ti\ccsv8\tools\compiler\ti-cgt-msp430_18.1.4.LTS\lib\</path>
         <kind>archive</kind>
         <file>rts430x_lc_sd_eabi.lib</file>
         <name>mpyd.c.obj</name>
      </input_file>
      <input_file id="fl-5a">
         <path>C:\ti\ccsv8\tools\compiler\ti-cgt-msp430_18.1.4.LTS\lib\</path>
         <kind>archive</kind>
         <file>rts430x_lc_sd_eabi.lib</file>
         <name>subd.c.obj</name>
      </input_file>
      <input_file id="fl-5b">
         <path>C:\ti\ccsv8\tools\compiler\ti-cgt-msp430_18.1.4.LTS\lib\</path>
         <kind>archive</kind>
         <file>rts430x_lc_sd_eabi.lib</file>
         <name>exit.c.obj</name>
      </input_file>
      <input_file id="fl-5c">
         <path>C:\ti\ccsv8\tools\compiler\ti-cgt-msp430_18.1.4.LTS\lib\</path>
         <kind>archive</kind>
         <file>rts430x_lc_sd_eabi.lib</file>
         <name>_lock.c.obj</name>
      </input_file>
      <input_file id="fl-5d">
         <path>C:\ti\ccsv8\tools\compiler\ti-cgt-msp430_18.1.4.LTS\lib\</path>
         <kind>archive</kind>
         <file>rts430x_lc_sd_eabi.lib</file>
         <name>args_main.c.obj</name>
      </input_file>
      <input_file id="fl-5e">
         <path>C:\ti\ccsv8\tools\compiler\ti-cgt-msp430_18.1.4.LTS\lib\</path>
         <kind>archive</kind>
         <file>rts430x_lc_sd_eabi.lib</file>
         <name>atoi.c.obj</name>
      </input_file>
      <input_file id="fl-5f">
         <path>C:\ti\ccsv8\tools\compiler\ti-cgt-msp430_18.1.4.LTS\lib\</path>
         <kind>archive</kind>
         <file>rts430x_lc_sd_eabi.lib</file>
         <name>ctype.c.obj</name>
      </input_file>
      <input_file id="fl-60">
         <path>C:\ti\ccsv8\tools\compiler\ti-cgt-msp430_18.1.4.LTS\lib\</path>
         <kind>archive</kind>
         <file>rts430x_lc_sd_eabi.lib</file>
         <name>memcpy.c.obj</name>
      </input_file>
      <input_file id="fl-61">
         <path>C:\ti\ccsv8\tools\compiler\ti-cgt-msp430_18.1.4.LTS\lib\</path>
         <kind>archive</kind>
         <file>rts430x_lc_sd_eabi.lib</file>
         <name>strlen.c.obj</name>
      </input_file>
      <input_file id="fl-62">
         <path>C:\ti\ccsv8\tools\compiler\ti-cgt-msp430_18.1.4.LTS\lib\</path>
         <kind>archive</kind>
         <file>rts430x_lc_sd_eabi.lib</file>
         <name>asr32.asm.obj</name>
      </input_file>
      <input_file id="fl-63">
         <path>C:\ti\ccsv8\tools\compiler\ti-cgt-msp430_18.1.4.LTS\lib\</path>
         <kind>archive</kind>
         <file>rts430x_lc_sd_eabi.lib</file>
         <name>cpy_util.asm.obj</name>
      </input_file>
      <input_file id="fl-64">
         <path>C:\ti\ccsv8\tools\compiler\ti-cgt-msp430_18.1.4.LTS\lib\</path>
         <kind>archive</kind>
         <file>rts430x_lc_sd_eabi.lib</file>
         <name>lsl32.asm.obj</name>
      </input_file>
      <input_file id="fl-65">
         <path>C:\ti\ccsv8\tools\compiler\ti-cgt-msp430_18.1.4.LTS\lib\</path>
         <kind>archive</kind>
         <file>rts430x_lc_sd_eabi.lib</file>
         <name>lsr32.asm.obj</name>
      </input_file>
      <input_file id="fl-66">
         <path>C:\ti\ccsv8\tools\compiler\ti-cgt-msp430_18.1.4.LTS\lib\</path>
         <kind>archive</kind>
         <file>rts430x_lc_sd_eabi.lib</file>
         <name>exit_gvars.c.obj</name>
      </input_file>
      <input_file id="fl-67">
         <path>C:\ti\ccsv8\tools\compiler\ti-cgt-msp430_18.1.4.LTS\lib\</path>
         <kind>archive</kind>
         <file>rts430x_lc_sd_eabi.lib</file>
         <name>lsr64.c.obj</name>
      </input_file>
      <input_file id="fl-68">
         <path>C:\ti\ccsv8\tools\compiler\ti-cgt-msp430_18.1.4.LTS\lib\</path>
         <kind>archive</kind>
         <file>rts430x_lc_sd_eabi.lib</file>
         <name>addd.c.obj</name>
      </input_file>
      <input_file id="fl-69">
         <path>C:\ti\ccsv8\tools\compiler\ti-cgt-msp430_18.1.4.LTS\lib\</path>
         <kind>archive</kind>
         <file>rts430x_lc_sd_eabi.lib</file>
         <name>frcaddd.c.obj</name>
      </input_file>
      <input_file id="fl-6a">
         <path>C:\ti\ccsv8\tools\compiler\ti-cgt-msp430_18.1.4.LTS\lib\</path>
         <kind>archive</kind>
         <file>rts430x_lc_sd_eabi.lib</file>
         <name>frcmpyd.c.obj</name>
      </input_file>
      <input_file id="fl-6b">
         <path>C:\ti\ccsv8\tools\compiler\ti-cgt-msp430_18.1.4.LTS\lib\</path>
         <kind>archive</kind>
         <file>rts430x_lc_sd_eabi.lib</file>
         <name>renormd.c.obj</name>
      </input_file>
   </input_file_list>
   <object_component_list>
      <object_component id="oc-6fd">
         <name>.cinit..data.load</name>
         <load_address>0xc400</load_address>
         <run_address>0xc400</run_address>
         <size>0x19</size>
      </object_component>
      <object_component id="oc-6fb">
         <name>__TI_handler_table</name>
         <load_address>0xc41a</load_address>
         <run_address>0xc41a</run_address>
         <size>0x8</size>
      </object_component>
      <object_component id="oc-6fc">
         <name>__TI_cinit_table</name>
         <load_address>0xc422</load_address>
         <run_address>0xc422</run_address>
         <size>0x8</size>
      </object_component>
      <object_component id="oc-693">
         <name>.binit</name>
         <load_address>0xc42a</load_address>
         <run_address>0xc42a</run_address>
         <size>0x0</size>
      </object_component>
      <object_component id="oc-375">
         <name>.const:.string:_ctypes_</name>
         <load_address>0xc42a</load_address>
         <run_address>0xc42a</run_address>
         <size>0x101</size>
         <input_file_ref idref="fl-5f"/>
      </object_component>
      <object_component id="oc-53f">
         <name>.const:alphabetBig</name>
         <load_address>0xc52c</load_address>
         <run_address>0xc52c</run_address>
         <size>0x34</size>
         <input_file_ref idref="fl-2"/>
      </object_component>
      <object_component id="oc-506">
         <name>.const:GPIO_PORT_TO_BASE</name>
         <load_address>0xc560</load_address>
         <run_address>0xc560</run_address>
         <size>0x1c</size>
         <input_file_ref idref="fl-d"/>
      </object_component>
      <object_component id="oc-547">
         <name>.const:digit</name>
         <load_address>0xc57c</load_address>
         <run_address>0xc57c</run_address>
         <size>0x14</size>
         <input_file_ref idref="fl-2"/>
      </object_component>
      <object_component id="oc-494">
         <name>.const:$P$T1$2</name>
         <load_address>0xc590</load_address>
         <run_address>0xc590</run_address>
         <size>0x10</size>
         <input_file_ref idref="fl-3"/>
      </object_component>
      <object_component id="oc-4b6">
         <name>.const:$P$T0$1</name>
         <load_address>0xc5a0</load_address>
         <run_address>0xc5a0</run_address>
         <size>0xa</size>
         <input_file_ref idref="fl-2"/>
      </object_component>
      <object_component id="oc-3b1">
         <name>.const:.string</name>
         <load_address>0xc5aa</load_address>
         <run_address>0xc5aa</run_address>
         <size>0x8</size>
         <input_file_ref idref="fl-3"/>
      </object_component>
      <object_component id="oc-4fc">
         <name>.const:.string:$P$T1$2</name>
         <load_address>0xc5b2</load_address>
         <run_address>0xc5b2</run_address>
         <size>0x6</size>
         <input_file_ref idref="fl-2"/>
      </object_component>
      <object_component id="oc-384">
         <name>.const:.string:$P$T0$1</name>
         <load_address>0xc5b8</load_address>
         <run_address>0xc5b8</run_address>
         <size>0x2</size>
         <input_file_ref idref="fl-3"/>
      </object_component>
      <object_component id="oc-5cc">
         <name>.text:__TI_frcdivd</name>
         <load_address>0xc5ba</load_address>
         <run_address>0xc5ba</run_address>
         <size>0x466</size>
         <input_file_ref idref="fl-58"/>
      </object_component>
      <object_component id="oc-5e8">
         <name>.text:__mspabi_addd</name>
         <load_address>0xca20</load_address>
         <run_address>0xca20</run_address>
         <size>0x2de</size>
         <input_file_ref idref="fl-68"/>
      </object_component>
      <object_component id="oc-5e0">
         <name>.text:__TI_frcmpyd</name>
         <load_address>0xccfe</load_address>
         <run_address>0xccfe</run_address>
         <size>0x280</size>
         <input_file_ref idref="fl-6a"/>
      </object_component>
      <object_component id="oc-51c">
         <name>.text:__mspabi_mpyd</name>
         <load_address>0xcf7e</load_address>
         <run_address>0xcf7e</run_address>
         <size>0x264</size>
         <input_file_ref idref="fl-59"/>
      </object_component>
      <object_component id="oc-657">
         <name>.text:__TI_frcaddd</name>
         <load_address>0xd1e2</load_address>
         <run_address>0xd1e2</run_address>
         <size>0x248</size>
         <input_file_ref idref="fl-69"/>
      </object_component>
      <object_component id="oc-510">
         <name>.text:__mspabi_divd</name>
         <load_address>0xd42a</load_address>
         <run_address>0xd42a</run_address>
         <size>0x220</size>
         <input_file_ref idref="fl-53"/>
      </object_component>
      <object_component id="oc-342">
         <name>.text:main</name>
         <load_address>0xd64a</load_address>
         <run_address>0xd64a</run_address>
         <size>0x162</size>
         <input_file_ref idref="fl-3"/>
      </object_component>
      <object_component id="oc-3be">
         <name>.text:saveReading</name>
         <load_address>0xd7ac</load_address>
         <run_address>0xd7ac</run_address>
         <size>0x15a</size>
         <input_file_ref idref="fl-3"/>
      </object_component>
      <object_component id="oc-2a1">
         <name>.text:_isr:EUSCIA0_ISR</name>
         <load_address>0xd906</load_address>
         <run_address>0xd906</run_address>
         <size>0x128</size>
         <input_file_ref idref="fl-3"/>
      </object_component>
      <object_component id="oc-3ca">
         <name>.text:updatePeripherals</name>
         <load_address>0xda2e</load_address>
         <run_address>0xda2e</run_address>
         <size>0x118</size>
         <input_file_ref idref="fl-3"/>
      </object_component>
      <object_component id="oc-64">
         <name>.text:decompress:lzss:__TI_decompress_lzss</name>
         <load_address>0xdb46</load_address>
         <run_address>0xdb46</run_address>
         <size>0xee</size>
         <input_file_ref idref="fl-52"/>
      </object_component>
      <object_component id="oc-3b2">
         <name>.text:displayScrollText</name>
         <load_address>0xdc34</load_address>
         <run_address>0xdc34</run_address>
         <size>0xd6</size>
         <input_file_ref idref="fl-2"/>
      </object_component>
      <object_component id="oc-3a5">
         <name>.text:Init_LCD</name>
         <load_address>0xdd0a</load_address>
         <run_address>0xdd0a</run_address>
         <size>0xd2</size>
         <input_file_ref idref="fl-2"/>
      </object_component>
      <object_component id="oc-38d">
         <name>.text:Init_GPIO</name>
         <load_address>0xdddc</load_address>
         <run_address>0xdddc</run_address>
         <size>0xcc</size>
         <input_file_ref idref="fl-3"/>
      </object_component>
      <object_component id="oc-481">
         <name>.text:CS_initClockSignal</name>
         <load_address>0xdea8</load_address>
         <run_address>0xdea8</run_address>
         <size>0xc8</size>
         <input_file_ref idref="fl-6"/>
      </object_component>
      <object_component id="oc-681">
         <name>.text:__TI_renormd</name>
         <load_address>0xdf70</load_address>
         <run_address>0xdf70</run_address>
         <size>0xb2</size>
         <input_file_ref idref="fl-6b"/>
      </object_component>
      <object_component id="oc-4dd">
         <name>.text:LCD_E_setPinAsCOM</name>
         <load_address>0xe022</load_address>
         <run_address>0xe022</run_address>
         <size>0x9e</size>
         <input_file_ref idref="fl-f"/>
      </object_component>
      <object_component id="oc-5c5">
         <name>.text:__mspabi_fltlid</name>
         <load_address>0xe0c0</load_address>
         <run_address>0xe0c0</run_address>
         <size>0x9e</size>
         <input_file_ref idref="fl-57"/>
      </object_component>
      <object_component id="oc-49d">
         <name>.text:EUSCI_A_UART_init</name>
         <load_address>0xe15e</load_address>
         <run_address>0xe15e</run_address>
         <size>0x90</size>
         <input_file_ref idref="fl-9"/>
      </object_component>
      <object_component id="oc-3dc">
         <name>.text:showTemperature</name>
         <load_address>0xe1ee</load_address>
         <run_address>0xe1ee</run_address>
         <size>0x8c</size>
         <input_file_ref idref="fl-2"/>
      </object_component>
      <object_component id="oc-39f">
         <name>.text:Init_UART</name>
         <load_address>0xe27a</load_address>
         <run_address>0xe27a</run_address>
         <size>0x80</size>
         <input_file_ref idref="fl-3"/>
      </object_component>
      <object_component id="oc-4b0">
         <name>.text:LCD_E_setPinAsLCDFunctionEx</name>
         <load_address>0xe2fa</load_address>
         <run_address>0xe2fa</run_address>
         <size>0x80</size>
         <input_file_ref idref="fl-f"/>
      </object_component>
      <object_component id="oc-530">
         <name>.text:setLED</name>
         <load_address>0xe37a</load_address>
         <run_address>0xe37a</run_address>
         <size>0x80</size>
         <input_file_ref idref="fl-3"/>
      </object_component>
      <object_component id="oc-536">
         <name>.text:setMotor</name>
         <load_address>0xe3fa</load_address>
         <run_address>0xe3fa</run_address>
         <size>0x7c</size>
         <input_file_ref idref="fl-3"/>
      </object_component>
      <object_component id="oc-4ff">
         <name>.text:showChar</name>
         <load_address>0xe476</load_address>
         <run_address>0xe476</run_address>
         <size>0x7a</size>
         <input_file_ref idref="fl-2"/>
      </object_component>
      <object_component id="oc-3e2">
         <name>.text:showMoisture</name>
         <load_address>0xe4f0</load_address>
         <run_address>0xe4f0</run_address>
         <size>0x70</size>
         <input_file_ref idref="fl-2"/>
      </object_component>
      <object_component id="oc-40d">
         <name>.text:__TI_auto_init_nobinit_nopinit_hold_wdt:__TI_auto_init_nobinit_nopinit_hold_wdt</name>
         <load_address>0xe560</load_address>
         <run_address>0xe560</run_address>
         <size>0x6a</size>
         <input_file_ref idref="fl-4b"/>
      </object_component>
      <object_component id="oc-5d9">
         <name>.text:__mspabi_fixdli</name>
         <load_address>0xe5ca</load_address>
         <run_address>0xe5ca</run_address>
         <size>0x66</size>
         <input_file_ref idref="fl-55"/>
      </object_component>
      <object_component id="oc-3c4">
         <name>.text:setMUX</name>
         <load_address>0xe630</load_address>
         <run_address>0xe630</run_address>
         <size>0x5e</size>
         <input_file_ref idref="fl-3"/>
      </object_component>
      <object_component id="oc-393">
         <name>.text:Init_ADC</name>
         <load_address>0xe68e</load_address>
         <run_address>0xe68e</run_address>
         <size>0x52</size>
         <input_file_ref idref="fl-3"/>
      </object_component>
      <object_component id="oc-323">
         <name>.text:atoi</name>
         <load_address>0xe6e0</load_address>
         <run_address>0xe6e0</run_address>
         <size>0x52</size>
         <input_file_ref idref="fl-5e"/>
      </object_component>
      <object_component id="oc-28a">
         <name>.text:__memcpy_far</name>
         <load_address>0xe732</load_address>
         <run_address>0xe732</run_address>
         <size>0x40</size>
         <input_file_ref idref="fl-63"/>
      </object_component>
      <object_component id="oc-399">
         <name>.text:Init_Clock</name>
         <load_address>0xe772</load_address>
         <run_address>0xe772</run_address>
         <size>0x3e</size>
         <input_file_ref idref="fl-3"/>
      </object_component>
      <object_component id="oc-644">
         <name>.text:l_asr_const</name>
         <load_address>0xe7b0</load_address>
         <run_address>0xe7b0</run_address>
         <size>0x3e</size>
         <input_file_ref idref="fl-62"/>
      </object_component>
      <object_component id="oc-633">
         <name>.text:l_lsl_const</name>
         <load_address>0xe7ee</load_address>
         <run_address>0xe7ee</run_address>
         <size>0x3e</size>
         <input_file_ref idref="fl-64"/>
      </object_component>
      <object_component id="oc-638">
         <name>.text:l_lsr_const</name>
         <load_address>0xe82c</load_address>
         <run_address>0xe82c</run_address>
         <size>0x3e</size>
         <input_file_ref idref="fl-65"/>
      </object_component>
      <object_component id="oc-6a">
         <name>.text:decompress:none:__TI_decompress_none</name>
         <load_address>0xe86a</load_address>
         <run_address>0xe86a</run_address>
         <size>0x3c</size>
         <input_file_ref idref="fl-51"/>
      </object_component>
      <object_component id="oc-45c">
         <name>.text:ADC_init</name>
         <load_address>0xe8a6</load_address>
         <run_address>0xe8a6</run_address>
         <size>0x34</size>
         <input_file_ref idref="fl-4"/>
      </object_component>
      <object_component id="oc-456">
         <name>.text:GPIO_setAsPeripheralModuleFunctionInputPin</name>
         <load_address>0xe8da</load_address>
         <run_address>0xe8da</run_address>
         <size>0x34</size>
         <input_file_ref idref="fl-d"/>
      </object_component>
      <object_component id="oc-48e">
         <name>.text:GPIO_setAsPeripheralModuleFunctionOutputPin</name>
         <load_address>0xe90e</load_address>
         <run_address>0xe90e</run_address>
         <size>0x34</size>
         <input_file_ref idref="fl-d"/>
      </object_component>
      <object_component id="oc-46e">
         <name>.text:ADC_configureMemory</name>
         <load_address>0xe942</load_address>
         <run_address>0xe942</run_address>
         <size>0x30</size>
         <input_file_ref idref="fl-4"/>
      </object_component>
      <object_component id="oc-487">
         <name>.text:CS_turnOnXT1LF</name>
         <load_address>0xe972</load_address>
         <run_address>0xe972</run_address>
         <size>0x30</size>
         <input_file_ref idref="fl-6"/>
      </object_component>
      <object_component id="oc-29b">
         <name>.text:_isr:ADC_ISR</name>
         <load_address>0xe9a2</load_address>
         <run_address>0xe9a2</run_address>
         <size>0x30</size>
         <input_file_ref idref="fl-3"/>
      </object_component>
      <object_component id="oc-522">
         <name>.text:__mspabi_subd</name>
         <load_address>0xe9d2</load_address>
         <run_address>0xe9d2</run_address>
         <size>0x2e</size>
         <input_file_ref idref="fl-5a"/>
      </object_component>
      <object_component id="oc-542">
         <name>.text</name>
         <load_address>0xea00</load_address>
         <run_address>0xea00</run_address>
         <size>0x2c</size>
         <input_file_ref idref="fl-35"/>
      </object_component>
      <object_component id="oc-4b9">
         <name>.text:LCD_E_init</name>
         <load_address>0xea2c</load_address>
         <run_address>0xea2c</run_address>
         <size>0x28</size>
         <input_file_ref idref="fl-f"/>
      </object_component>
      <object_component id="oc-516">
         <name>.text:__mspabi_fixdi</name>
         <load_address>0xea54</load_address>
         <run_address>0xea54</run_address>
         <size>0x28</size>
         <input_file_ref idref="fl-54"/>
      </object_component>
      <object_component id="oc-63f">
         <name>.text</name>
         <load_address>0xea7c</load_address>
         <run_address>0xea7c</run_address>
         <size>0x26</size>
         <input_file_ref idref="fl-49"/>
      </object_component>
      <object_component id="oc-44f">
         <name>.text:GPIO_setAsInputPinWithPullUpResistor</name>
         <load_address>0xeaa2</load_address>
         <run_address>0xeaa2</run_address>
         <size>0x22</size>
         <input_file_ref idref="fl-d"/>
      </object_component>
      <object_component id="oc-5aa">
         <name>.text:setLCDFunction</name>
         <load_address>0xeac4</load_address>
         <run_address>0xeac4</run_address>
         <size>0x20</size>
         <input_file_ref idref="fl-f"/>
      </object_component>
      <object_component id="oc-2b9">
         <name>.text:_isr:_c_int00_noargs</name>
         <load_address>0xeae4</load_address>
         <run_address>0xeae4</run_address>
         <size>0x1c</size>
         <input_file_ref idref="fl-4a"/>
      </object_component>
      <object_component id="oc-4a9">
         <name>.text:EUSCI_A_UART_enableInterrupt</name>
         <load_address>0xeb00</load_address>
         <run_address>0xeb00</run_address>
         <size>0x1a</size>
         <input_file_ref idref="fl-9"/>
      </object_component>
      <object_component id="oc-3b8">
         <name>.text:GPIO_getInputPinValue</name>
         <load_address>0xeb1a</load_address>
         <run_address>0xeb1a</run_address>
         <size>0x1a</size>
         <input_file_ref idref="fl-d"/>
      </object_component>
      <object_component id="oc-449">
         <name>.text:GPIO_setAsOutputPin</name>
         <load_address>0xeb34</load_address>
         <run_address>0xeb34</run_address>
         <size>0x1a</size>
         <input_file_ref idref="fl-d"/>
      </object_component>
      <object_component id="oc-3d6">
         <name>.text:showZone</name>
         <load_address>0xeb4e</load_address>
         <run_address>0xeb4e</run_address>
         <size>0x18</size>
         <input_file_ref idref="fl-2"/>
      </object_component>
      <object_component id="oc-3d0">
         <name>.text:ADC_startConversion</name>
         <load_address>0xeb66</load_address>
         <run_address>0xeb66</run_address>
         <size>0x16</size>
         <input_file_ref idref="fl-4"/>
      </object_component>
      <object_component id="oc-529">
         <name>.text:GPIO_setOutputHighOnPin</name>
         <load_address>0xeb7c</load_address>
         <run_address>0xeb7c</run_address>
         <size>0x16</size>
         <input_file_ref idref="fl-d"/>
      </object_component>
      <object_component id="oc-443">
         <name>.text:GPIO_setOutputLowOnPin</name>
         <load_address>0xeb92</load_address>
         <run_address>0xeb92</run_address>
         <size>0x16</size>
         <input_file_ref idref="fl-d"/>
      </object_component>
      <object_component id="oc-387">
         <name>.text:WDT_A_hold</name>
         <load_address>0xeba8</load_address>
         <run_address>0xeba8</run_address>
         <size>0x16</size>
         <input_file_ref idref="fl-1a"/>
      </object_component>
      <object_component id="oc-5f4">
         <name>.text</name>
         <load_address>0xebbe</load_address>
         <run_address>0xebbe</run_address>
         <size>0x16</size>
         <input_file_ref idref="fl-36"/>
      </object_component>
      <object_component id="oc-468">
         <name>.text:ADC_setupSamplingTimer</name>
         <load_address>0xebd4</load_address>
         <run_address>0xebd4</run_address>
         <size>0x14</size>
         <input_file_ref idref="fl-4"/>
      </object_component>
      <object_component id="oc-315">
         <name>.text:EUSCI_A_UART_receiveData</name>
         <load_address>0xebe8</load_address>
         <run_address>0xebe8</run_address>
         <size>0x14</size>
         <input_file_ref idref="fl-9"/>
      </object_component>
      <object_component id="oc-31b">
         <name>.text</name>
         <load_address>0xebfc</load_address>
         <run_address>0xebfc</run_address>
         <size>0x14</size>
         <input_file_ref idref="fl-48"/>
      </object_component>
      <object_component id="oc-4bf">
         <name>.text:LCD_E_setVLCDSource</name>
         <load_address>0xec10</load_address>
         <run_address>0xec10</run_address>
         <size>0x12</size>
         <input_file_ref idref="fl-f"/>
      </object_component>
      <object_component id="oc-497">
         <name>.text:memcpy</name>
         <load_address>0xec22</load_address>
         <run_address>0xec22</run_address>
         <size>0x12</size>
         <input_file_ref idref="fl-60"/>
      </object_component>
      <object_component id="oc-67c">
         <name>.text:l_asr</name>
         <load_address>0xec34</load_address>
         <run_address>0xec34</run_address>
         <size>0x10</size>
         <input_file_ref idref="fl-62"/>
      </object_component>
      <object_component id="oc-677">
         <name>.text:l_lsl</name>
         <load_address>0xec44</load_address>
         <run_address>0xec44</run_address>
         <size>0x10</size>
         <input_file_ref idref="fl-64"/>
      </object_component>
      <object_component id="oc-64d">
         <name>.text:l_lsr</name>
         <load_address>0xec54</load_address>
         <run_address>0xec54</run_address>
         <size>0x10</size>
         <input_file_ref idref="fl-65"/>
      </object_component>
      <object_component id="oc-4f6">
         <name>.text:strlen</name>
         <load_address>0xec64</load_address>
         <run_address>0xec64</run_address>
         <size>0xe</size>
         <input_file_ref idref="fl-61"/>
      </object_component>
      <object_component id="oc-4e9">
         <name>.text:LCD_E_on</name>
         <load_address>0xec72</load_address>
         <run_address>0xec72</run_address>
         <size>0xc</size>
         <input_file_ref idref="fl-f"/>
      </object_component>
      <object_component id="oc-4d1">
         <name>.text:LCD_E_setChargePumpFreq</name>
         <load_address>0xec7e</load_address>
         <run_address>0xec7e</run_address>
         <size>0xc</size>
         <input_file_ref idref="fl-f"/>
      </object_component>
      <object_component id="oc-4c5">
         <name>.text:LCD_E_setVLCDVoltage</name>
         <load_address>0xec8a</load_address>
         <run_address>0xec8a</run_address>
         <size>0xc</size>
         <input_file_ref idref="fl-f"/>
      </object_component>
      <object_component id="oc-50a">
         <name>.text:__mspabi_fltid</name>
         <load_address>0xec96</load_address>
         <run_address>0xec96</run_address>
         <size>0xc</size>
         <input_file_ref idref="fl-56"/>
      </object_component>
      <object_component id="oc-47b">
         <name>.text:CS_setExternalClockSource</name>
         <load_address>0xeca2</load_address>
         <run_address>0xeca2</run_address>
         <size>0xa</size>
         <input_file_ref idref="fl-6"/>
      </object_component>
      <object_component id="oc-4e3">
         <name>.text:LCD_E_selectDisplayMemory</name>
         <load_address>0xecac</load_address>
         <run_address>0xecac</run_address>
         <size>0xa</size>
         <input_file_ref idref="fl-f"/>
      </object_component>
      <object_component id="oc-58f">
         <name>.text</name>
         <load_address>0xecb6</load_address>
         <run_address>0xecb6</run_address>
         <size>0xa</size>
         <input_file_ref idref="fl-46"/>
      </object_component>
      <object_component id="oc-5a5">
         <name>.text</name>
         <load_address>0xecc0</load_address>
         <run_address>0xecc0</run_address>
         <size>0xa</size>
         <input_file_ref idref="fl-47"/>
      </object_component>
      <object_component id="oc-462">
         <name>.text:ADC_enable</name>
         <load_address>0xecca</load_address>
         <run_address>0xecca</run_address>
         <size>0x8</size>
         <input_file_ref idref="fl-4"/>
      </object_component>
      <object_component id="oc-2ee">
         <name>.text:ADC_getInterruptStatus</name>
         <load_address>0xecd2</load_address>
         <run_address>0xecd2</run_address>
         <size>0x8</size>
         <input_file_ref idref="fl-4"/>
      </object_component>
      <object_component id="oc-309">
         <name>.text:EUSCI_A_UART_getInterruptStatus</name>
         <load_address>0xecda</load_address>
         <run_address>0xecda</run_address>
         <size>0x8</size>
         <input_file_ref idref="fl-9"/>
      </object_component>
      <object_component id="oc-4cb">
         <name>.text:LCD_E_enableChargePump</name>
         <load_address>0xece2</load_address>
         <run_address>0xece2</run_address>
         <size>0x8</size>
         <input_file_ref idref="fl-f"/>
      </object_component>
      <object_component id="oc-296">
         <name>.text:_isr:__TI_ISR_TRAP</name>
         <load_address>0xecea</load_address>
         <run_address>0xecea</run_address>
         <size>0x8</size>
         <input_file_ref idref="fl-45"/>
      </object_component>
      <object_component id="oc-2f4">
         <name>.text:ADC_clearInterrupt</name>
         <load_address>0xecf2</load_address>
         <run_address>0xecf2</run_address>
         <size>0x6</size>
         <input_file_ref idref="fl-4"/>
      </object_component>
      <object_component id="oc-474">
         <name>.text:ADC_enableInterrupt</name>
         <load_address>0xecf8</load_address>
         <run_address>0xecf8</run_address>
         <size>0x6</size>
         <input_file_ref idref="fl-4"/>
      </object_component>
      <object_component id="oc-2fd">
         <name>.text:ADC_getResults</name>
         <load_address>0xecfe</load_address>
         <run_address>0xecfe</run_address>
         <size>0x6</size>
         <input_file_ref idref="fl-4"/>
      </object_component>
      <object_component id="oc-30f">
         <name>.text:EUSCI_A_UART_clearInterrupt</name>
         <load_address>0xed04</load_address>
         <run_address>0xed04</run_address>
         <size>0x6</size>
         <input_file_ref idref="fl-9"/>
      </object_component>
      <object_component id="oc-4a3">
         <name>.text:EUSCI_A_UART_enable</name>
         <load_address>0xed0a</load_address>
         <run_address>0xed0a</run_address>
         <size>0x6</size>
         <input_file_ref idref="fl-9"/>
      </object_component>
      <object_component id="oc-4d7">
         <name>.text:LCD_E_clearAllMemory</name>
         <load_address>0xed10</load_address>
         <run_address>0xed10</run_address>
         <size>0x6</size>
         <input_file_ref idref="fl-f"/>
      </object_component>
      <object_component id="oc-3ab">
         <name>.text:PMM_unlockLPM5</name>
         <load_address>0xed16</load_address>
         <run_address>0xed16</run_address>
         <size>0x6</size>
         <input_file_ref idref="fl-11"/>
      </object_component>
      <object_component id="oc-3e9">
         <name>.text:abort</name>
         <load_address>0xed1c</load_address>
         <run_address>0xed1c</run_address>
         <size>0x6</size>
         <input_file_ref idref="fl-5b"/>
      </object_component>
      <object_component id="oc-33c">
         <name>.text:_system_pre_init</name>
         <load_address>0xed22</load_address>
         <run_address>0xed22</run_address>
         <size>0x4</size>
         <input_file_ref idref="fl-4f"/>
      </object_component>
      <object_component id="oc-55e">
         <name>.text:_system_post_cinit</name>
         <load_address>0xed26</load_address>
         <run_address>0xed26</run_address>
         <size>0x2</size>
         <input_file_ref idref="fl-50"/>
      </object_component>
      <object_component id="oc-320">
         <name>.data:thresholdData</name>
         <load_address>0x2000</load_address>
         <run_address>0x2000</run_address>
         <size>0x12c</size>
         <input_file_ref idref="fl-3"/>
      </object_component>
      <object_component id="oc-2fa">
         <name>.data</name>
         <load_address>0x212c</load_address>
         <run_address>0x212c</run_address>
         <size>0x10</size>
         <input_file_ref idref="fl-3"/>
      </object_component>
      <object_component id="oc-32c">
         <name>.data:zone0</name>
         <load_address>0x213c</load_address>
         <run_address>0x213c</run_address>
         <size>0x6</size>
         <input_file_ref idref="fl-3"/>
      </object_component>
      <object_component id="oc-329">
         <name>.data:zone1</name>
         <load_address>0x2142</load_address>
         <run_address>0x2142</run_address>
         <size>0x6</size>
         <input_file_ref idref="fl-3"/>
      </object_component>
      <object_component id="oc-596">
         <name>.data</name>
         <load_address>0x2148</load_address>
         <run_address>0x2148</run_address>
         <size>0x4</size>
         <input_file_ref idref="fl-6"/>
      </object_component>
      <object_component id="oc-27b">
         <name>.stack</name>
         <uninitialized>true</uninitialized>
         <run_address>0x2760</run_address>
         <size>0x2</size>
         <input_file_ref idref="fl-4a"/>
      </object_component>
      <object_component id="oc-6fe">
         <name>.stack</name>
         <uninitialized>true</uninitialized>
         <run_address>0x2760</run_address>
         <size>0x0</size>
      </object_component>
      <object_component id="oc-70">
         <name>.int45</name>
         <load_address>0xffe2</load_address>
         <run_address>0xffe2</run_address>
         <size>0x2</size>
         <input_file_ref idref="fl-39"/>
      </object_component>
      <object_component id="oc-71">
         <name>.int46</name>
         <load_address>0xffe4</load_address>
         <run_address>0xffe4</run_address>
         <size>0x2</size>
         <input_file_ref idref="fl-3a"/>
      </object_component>
      <object_component id="oc-72">
         <name>.int47</name>
         <load_address>0xffe6</load_address>
         <run_address>0xffe6</run_address>
         <size>0x2</size>
         <input_file_ref idref="fl-3b"/>
      </object_component>
      <object_component id="oc-73">
         <name>.int48</name>
         <load_address>0xffe8</load_address>
         <run_address>0xffe8</run_address>
         <size>0x2</size>
         <input_file_ref idref="fl-3"/>
      </object_component>
      <object_component id="oc-74">
         <name>.int49</name>
         <load_address>0xffea</load_address>
         <run_address>0xffea</run_address>
         <size>0x2</size>
         <input_file_ref idref="fl-3c"/>
      </object_component>
      <object_component id="oc-75">
         <name>.int50</name>
         <load_address>0xffec</load_address>
         <run_address>0xffec</run_address>
         <size>0x2</size>
         <input_file_ref idref="fl-3"/>
      </object_component>
      <object_component id="oc-76">
         <name>.int51</name>
         <load_address>0xffee</load_address>
         <run_address>0xffee</run_address>
         <size>0x2</size>
         <input_file_ref idref="fl-3d"/>
      </object_component>
      <object_component id="oc-77">
         <name>.int52</name>
         <load_address>0xfff0</load_address>
         <run_address>0xfff0</run_address>
         <size>0x2</size>
         <input_file_ref idref="fl-3e"/>
      </object_component>
      <object_component id="oc-78">
         <name>.int53</name>
         <load_address>0xfff2</load_address>
         <run_address>0xfff2</run_address>
         <size>0x2</size>
         <input_file_ref idref="fl-3f"/>
      </object_component>
      <object_component id="oc-79">
         <name>.int54</name>
         <load_address>0xfff4</load_address>
         <run_address>0xfff4</run_address>
         <size>0x2</size>
         <input_file_ref idref="fl-40"/>
      </object_component>
      <object_component id="oc-7a">
         <name>.int55</name>
         <load_address>0xfff6</load_address>
         <run_address>0xfff6</run_address>
         <size>0x2</size>
         <input_file_ref idref="fl-41"/>
      </object_component>
      <object_component id="oc-7b">
         <name>.int56</name>
         <load_address>0xfff8</load_address>
         <run_address>0xfff8</run_address>
         <size>0x2</size>
         <input_file_ref idref="fl-42"/>
      </object_component>
      <object_component id="oc-7c">
         <name>.int57</name>
         <load_address>0xfffa</load_address>
         <run_address>0xfffa</run_address>
         <size>0x2</size>
         <input_file_ref idref="fl-43"/>
      </object_component>
      <object_component id="oc-7d">
         <name>.int58</name>
         <load_address>0xfffc</load_address>
         <run_address>0xfffc</run_address>
         <size>0x2</size>
         <input_file_ref idref="fl-44"/>
      </object_component>
      <object_component id="oc-27e">
         <name>.reset</name>
         <load_address>0xfffe</load_address>
         <run_address>0xfffe</run_address>
         <size>0x2</size>
         <input_file_ref idref="fl-4a"/>
      </object_component>
      <object_component id="oc-428">
         <name>.debug_info</name>
         <load_address>0x0</load_address>
         <run_address>0x0</run_address>
         <size>0x490</size>
         <input_file_ref idref="fl-2"/>
      </object_component>
      <object_component id="oc-548">
         <name>.debug_info</name>
         <load_address>0x490</load_address>
         <run_address>0x490</run_address>
         <size>0xc7</size>
         <input_file_ref idref="fl-2"/>
      </object_component>
      <object_component id="oc-540">
         <name>.debug_info</name>
         <load_address>0x557</load_address>
         <run_address>0x557</run_address>
         <size>0xd3</size>
         <input_file_ref idref="fl-2"/>
      </object_component>
      <object_component id="oc-4b7">
         <name>.debug_info</name>
         <load_address>0x62a</load_address>
         <run_address>0x62a</run_address>
         <size>0xca</size>
         <input_file_ref idref="fl-2"/>
      </object_component>
      <object_component id="oc-4fd">
         <name>.debug_info</name>
         <load_address>0x6f4</load_address>
         <run_address>0x6f4</run_address>
         <size>0xca</size>
         <input_file_ref idref="fl-2"/>
      </object_component>
      <object_component id="oc-3d7">
         <name>.debug_info</name>
         <load_address>0x7be</load_address>
         <run_address>0x7be</run_address>
         <size>0x12b</size>
         <input_file_ref idref="fl-2"/>
      </object_component>
      <object_component id="oc-3dd">
         <name>.debug_info</name>
         <load_address>0x8e9</load_address>
         <run_address>0x8e9</run_address>
         <size>0x1a4</size>
         <input_file_ref idref="fl-2"/>
      </object_component>
      <object_component id="oc-3e3">
         <name>.debug_info</name>
         <load_address>0xa8d</load_address>
         <run_address>0xa8d</run_address>
         <size>0x19c</size>
         <input_file_ref idref="fl-2"/>
      </object_component>
      <object_component id="oc-500">
         <name>.debug_info</name>
         <load_address>0xc29</load_address>
         <run_address>0xc29</run_address>
         <size>0x159</size>
         <input_file_ref idref="fl-2"/>
      </object_component>
      <object_component id="oc-3b3">
         <name>.debug_info</name>
         <load_address>0xd82</load_address>
         <run_address>0xd82</run_address>
         <size>0x1f8</size>
         <input_file_ref idref="fl-2"/>
      </object_component>
      <object_component id="oc-3a6">
         <name>.debug_info</name>
         <load_address>0xf7a</load_address>
         <run_address>0xf7a</run_address>
         <size>0x297</size>
         <input_file_ref idref="fl-2"/>
      </object_component>
      <object_component id="oc-431">
         <name>.debug_info</name>
         <load_address>0x1211</load_address>
         <run_address>0x1211</run_address>
         <size>0x26b</size>
         <input_file_ref idref="fl-2"/>
      </object_component>
      <object_component id="oc-42c">
         <name>.debug_info</name>
         <load_address>0x147c</load_address>
         <run_address>0x147c</run_address>
         <size>0xee</size>
         <input_file_ref idref="fl-2"/>
      </object_component>
      <object_component id="oc-4f0">
         <name>.debug_info</name>
         <load_address>0x156a</load_address>
         <run_address>0x156a</run_address>
         <size>0x9e</size>
         <input_file_ref idref="fl-2"/>
      </object_component>
      <object_component id="oc-436">
         <name>.debug_info</name>
         <load_address>0x1608</load_address>
         <run_address>0x1608</run_address>
         <size>0x392</size>
         <input_file_ref idref="fl-2"/>
      </object_component>
      <object_component id="oc-330">
         <name>.debug_info</name>
         <load_address>0x199a</load_address>
         <run_address>0x199a</run_address>
         <size>0x8b</size>
         <input_file_ref idref="fl-2"/>
      </object_component>
      <object_component id="oc-368">
         <name>.debug_info</name>
         <load_address>0x1a25</load_address>
         <run_address>0x1a25</run_address>
         <size>0x275</size>
         <input_file_ref idref="fl-2"/>
      </object_component>
      <object_component id="oc-304">
         <name>.debug_info</name>
         <load_address>0x1c9a</load_address>
         <run_address>0x1c9a</run_address>
         <size>0xbb</size>
         <input_file_ref idref="fl-2"/>
      </object_component>
      <object_component id="oc-581">
         <name>.debug_info</name>
         <load_address>0x1d55</load_address>
         <run_address>0x1d55</run_address>
         <size>0x2c</size>
         <input_file_ref idref="fl-2"/>
      </object_component>
      <object_component id="oc-37c">
         <name>.debug_info</name>
         <load_address>0x1d81</load_address>
         <run_address>0x1d81</run_address>
         <size>0x8a</size>
         <input_file_ref idref="fl-2"/>
      </object_component>
      <object_component id="oc-373">
         <name>.debug_info</name>
         <load_address>0x1e0b</load_address>
         <run_address>0x1e0b</run_address>
         <size>0xa92</size>
         <input_file_ref idref="fl-3"/>
      </object_component>
      <object_component id="oc-321">
         <name>.debug_info</name>
         <load_address>0x289d</load_address>
         <run_address>0x289d</run_address>
         <size>0xd4</size>
         <input_file_ref idref="fl-3"/>
      </object_component>
      <object_component id="oc-2fb">
         <name>.debug_info</name>
         <load_address>0x2971</load_address>
         <run_address>0x2971</run_address>
         <size>0x20a</size>
         <input_file_ref idref="fl-3"/>
      </object_component>
      <object_component id="oc-32d">
         <name>.debug_info</name>
         <load_address>0x2b7b</load_address>
         <run_address>0x2b7b</run_address>
         <size>0xc4</size>
         <input_file_ref idref="fl-3"/>
      </object_component>
      <object_component id="oc-32a">
         <name>.debug_info</name>
         <load_address>0x2c3f</load_address>
         <run_address>0x2c3f</run_address>
         <size>0xc4</size>
         <input_file_ref idref="fl-3"/>
      </object_component>
      <object_component id="oc-385">
         <name>.debug_info</name>
         <load_address>0x2d03</load_address>
         <run_address>0x2d03</run_address>
         <size>0xc7</size>
         <input_file_ref idref="fl-3"/>
      </object_component>
      <object_component id="oc-495">
         <name>.debug_info</name>
         <load_address>0x2dca</load_address>
         <run_address>0x2dca</run_address>
         <size>0xc8</size>
         <input_file_ref idref="fl-3"/>
      </object_component>
      <object_component id="oc-531">
         <name>.debug_info</name>
         <load_address>0x2e92</load_address>
         <run_address>0x2e92</run_address>
         <size>0x211</size>
         <input_file_ref idref="fl-3"/>
      </object_component>
      <object_component id="oc-537">
         <name>.debug_info</name>
         <load_address>0x30a3</load_address>
         <run_address>0x30a3</run_address>
         <size>0x219</size>
         <input_file_ref idref="fl-3"/>
      </object_component>
      <object_component id="oc-3cb">
         <name>.debug_info</name>
         <load_address>0x32bc</load_address>
         <run_address>0x32bc</run_address>
         <size>0x256</size>
         <input_file_ref idref="fl-3"/>
      </object_component>
      <object_component id="oc-3c5">
         <name>.debug_info</name>
         <load_address>0x3512</load_address>
         <run_address>0x3512</run_address>
         <size>0x212</size>
         <input_file_ref idref="fl-3"/>
      </object_component>
      <object_component id="oc-3bf">
         <name>.debug_info</name>
         <load_address>0x3724</load_address>
         <run_address>0x3724</run_address>
         <size>0x2c8</size>
         <input_file_ref idref="fl-3"/>
      </object_component>
      <object_component id="oc-38e">
         <name>.debug_info</name>
         <load_address>0x39ec</load_address>
         <run_address>0x39ec</run_address>
         <size>0x31e</size>
         <input_file_ref idref="fl-3"/>
      </object_component>
      <object_component id="oc-394">
         <name>.debug_info</name>
         <load_address>0x3d0a</load_address>
         <run_address>0x3d0a</run_address>
         <size>0x1b2</size>
         <input_file_ref idref="fl-3"/>
      </object_component>
      <object_component id="oc-39a">
         <name>.debug_info</name>
         <load_address>0x3ebc</load_address>
         <run_address>0x3ebc</run_address>
         <size>0x1aa</size>
         <input_file_ref idref="fl-3"/>
      </object_component>
      <object_component id="oc-3a0">
         <name>.debug_info</name>
         <load_address>0x4066</load_address>
         <run_address>0x4066</run_address>
         <size>0x1f4</size>
         <input_file_ref idref="fl-3"/>
      </object_component>
      <object_component id="oc-343">
         <name>.debug_info</name>
         <load_address>0x425a</load_address>
         <run_address>0x425a</run_address>
         <size>0x2f5</size>
         <input_file_ref idref="fl-3"/>
      </object_component>
      <object_component id="oc-2a2">
         <name>.debug_info</name>
         <load_address>0x454f</load_address>
         <run_address>0x454f</run_address>
         <size>0x1d9</size>
         <input_file_ref idref="fl-3"/>
      </object_component>
      <object_component id="oc-29c">
         <name>.debug_info</name>
         <load_address>0x4728</load_address>
         <run_address>0x4728</run_address>
         <size>0x15c</size>
         <input_file_ref idref="fl-3"/>
      </object_component>
      <object_component id="oc-3d1">
         <name>.debug_info</name>
         <load_address>0x4884</load_address>
         <run_address>0x4884</run_address>
         <size>0x1e5</size>
         <input_file_ref idref="fl-4"/>
      </object_component>
      <object_component id="oc-469">
         <name>.debug_info</name>
         <load_address>0x4a69</load_address>
         <run_address>0x4a69</run_address>
         <size>0x202</size>
         <input_file_ref idref="fl-4"/>
      </object_component>
      <object_component id="oc-45d">
         <name>.debug_info</name>
         <load_address>0x4c6b</load_address>
         <run_address>0x4c6b</run_address>
         <size>0x27f</size>
         <input_file_ref idref="fl-4"/>
      </object_component>
      <object_component id="oc-2fe">
         <name>.debug_info</name>
         <load_address>0x4eea</load_address>
         <run_address>0x4eea</run_address>
         <size>0x15d</size>
         <input_file_ref idref="fl-4"/>
      </object_component>
      <object_component id="oc-2ef">
         <name>.debug_info</name>
         <load_address>0x5047</load_address>
         <run_address>0x5047</run_address>
         <size>0x1c3</size>
         <input_file_ref idref="fl-4"/>
      </object_component>
      <object_component id="oc-475">
         <name>.debug_info</name>
         <load_address>0x520a</load_address>
         <run_address>0x520a</run_address>
         <size>0x1a9</size>
         <input_file_ref idref="fl-4"/>
      </object_component>
      <object_component id="oc-463">
         <name>.debug_info</name>
         <load_address>0x53b3</load_address>
         <run_address>0x53b3</run_address>
         <size>0x151</size>
         <input_file_ref idref="fl-4"/>
      </object_component>
      <object_component id="oc-46f">
         <name>.debug_info</name>
         <load_address>0x5504</load_address>
         <run_address>0x5504</run_address>
         <size>0x2e1</size>
         <input_file_ref idref="fl-4"/>
      </object_component>
      <object_component id="oc-2f5">
         <name>.debug_info</name>
         <load_address>0x57e5</load_address>
         <run_address>0x57e5</run_address>
         <size>0x1b7</size>
         <input_file_ref idref="fl-4"/>
      </object_component>
      <object_component id="oc-285">
         <name>.debug_info</name>
         <load_address>0x599c</load_address>
         <run_address>0x599c</run_address>
         <size>0x84</size>
         <input_file_ref idref="fl-5"/>
      </object_component>
      <object_component id="oc-597">
         <name>.debug_info</name>
         <load_address>0x5a20</load_address>
         <run_address>0x5a20</run_address>
         <size>0xf1</size>
         <input_file_ref idref="fl-6"/>
      </object_component>
      <object_component id="oc-48a">
         <name>.debug_info</name>
         <load_address>0x5b11</load_address>
         <run_address>0x5b11</run_address>
         <size>0x134</size>
         <input_file_ref idref="fl-6"/>
      </object_component>
      <object_component id="oc-47e">
         <name>.debug_info</name>
         <load_address>0x5c45</load_address>
         <run_address>0x5c45</run_address>
         <size>0x18d</size>
         <input_file_ref idref="fl-6"/>
      </object_component>
      <object_component id="oc-482">
         <name>.debug_info</name>
         <load_address>0x5dd2</load_address>
         <run_address>0x5dd2</run_address>
         <size>0x22a</size>
         <input_file_ref idref="fl-6"/>
      </object_component>
      <object_component id="oc-5a2">
         <name>.debug_info</name>
         <load_address>0x5ffc</load_address>
         <run_address>0x5ffc</run_address>
         <size>0x14d</size>
         <input_file_ref idref="fl-9"/>
      </object_component>
      <object_component id="oc-316">
         <name>.debug_info</name>
         <load_address>0x6149</load_address>
         <run_address>0x6149</run_address>
         <size>0x18c</size>
         <input_file_ref idref="fl-9"/>
      </object_component>
      <object_component id="oc-49e">
         <name>.debug_info</name>
         <load_address>0x62d5</load_address>
         <run_address>0x62d5</run_address>
         <size>0x1b9</size>
         <input_file_ref idref="fl-9"/>
      </object_component>
      <object_component id="oc-30a">
         <name>.debug_info</name>
         <load_address>0x648e</load_address>
         <run_address>0x648e</run_address>
         <size>0x1bc</size>
         <input_file_ref idref="fl-9"/>
      </object_component>
      <object_component id="oc-4aa">
         <name>.debug_info</name>
         <load_address>0x664a</load_address>
         <run_address>0x664a</run_address>
         <size>0x1c9</size>
         <input_file_ref idref="fl-9"/>
      </object_component>
      <object_component id="oc-4a4">
         <name>.debug_info</name>
         <load_address>0x6813</load_address>
         <run_address>0x6813</run_address>
         <size>0x17e</size>
         <input_file_ref idref="fl-9"/>
      </object_component>
      <object_component id="oc-310">
         <name>.debug_info</name>
         <load_address>0x6991</load_address>
         <run_address>0x6991</run_address>
         <size>0x1b0</size>
         <input_file_ref idref="fl-9"/>
      </object_component>
      <object_component id="oc-5c4">
         <name>.debug_info</name>
         <load_address>0x6b41</load_address>
         <run_address>0x6b41</run_address>
         <size>0x152</size>
         <input_file_ref idref="fl-d"/>
      </object_component>
      <object_component id="oc-507">
         <name>.debug_info</name>
         <load_address>0x6c93</load_address>
         <run_address>0x6c93</run_address>
         <size>0xe5</size>
         <input_file_ref idref="fl-d"/>
      </object_component>
      <object_component id="oc-444">
         <name>.debug_info</name>
         <load_address>0x6d78</load_address>
         <run_address>0x6d78</run_address>
         <size>0x1d4</size>
         <input_file_ref idref="fl-d"/>
      </object_component>
      <object_component id="oc-52a">
         <name>.debug_info</name>
         <load_address>0x6f4c</load_address>
         <run_address>0x6f4c</run_address>
         <size>0x1d6</size>
         <input_file_ref idref="fl-d"/>
      </object_component>
      <object_component id="oc-48f">
         <name>.debug_info</name>
         <load_address>0x7122</load_address>
         <run_address>0x7122</run_address>
         <size>0x21d</size>
         <input_file_ref idref="fl-d"/>
      </object_component>
      <object_component id="oc-457">
         <name>.debug_info</name>
         <load_address>0x733f</load_address>
         <run_address>0x733f</run_address>
         <size>0x21c</size>
         <input_file_ref idref="fl-d"/>
      </object_component>
      <object_component id="oc-44a">
         <name>.debug_info</name>
         <load_address>0x755b</load_address>
         <run_address>0x755b</run_address>
         <size>0x1cb</size>
         <input_file_ref idref="fl-d"/>
      </object_component>
      <object_component id="oc-450">
         <name>.debug_info</name>
         <load_address>0x7726</load_address>
         <run_address>0x7726</run_address>
         <size>0x1f0</size>
         <input_file_ref idref="fl-d"/>
      </object_component>
      <object_component id="oc-3ba">
         <name>.debug_info</name>
         <load_address>0x7916</load_address>
         <run_address>0x7916</run_address>
         <size>0x1d6</size>
         <input_file_ref idref="fl-d"/>
      </object_component>
      <object_component id="oc-5b4">
         <name>.debug_info</name>
         <load_address>0x7aec</load_address>
         <run_address>0x7aec</run_address>
         <size>0x14b</size>
         <input_file_ref idref="fl-f"/>
      </object_component>
      <object_component id="oc-4c6">
         <name>.debug_info</name>
         <load_address>0x7c37</load_address>
         <run_address>0x7c37</run_address>
         <size>0x199</size>
         <input_file_ref idref="fl-f"/>
      </object_component>
      <object_component id="oc-4c0">
         <name>.debug_info</name>
         <load_address>0x7dd0</load_address>
         <run_address>0x7dd0</run_address>
         <size>0x19f</size>
         <input_file_ref idref="fl-f"/>
      </object_component>
      <object_component id="oc-5ab">
         <name>.debug_info</name>
         <load_address>0x7f6f</load_address>
         <run_address>0x7f6f</run_address>
         <size>0x1aa</size>
         <input_file_ref idref="fl-f"/>
      </object_component>
      <object_component id="oc-4b1">
         <name>.debug_info</name>
         <load_address>0x8119</load_address>
         <run_address>0x8119</run_address>
         <size>0x2f2</size>
         <input_file_ref idref="fl-f"/>
      </object_component>
      <object_component id="oc-4de">
         <name>.debug_info</name>
         <load_address>0x840b</load_address>
         <run_address>0x840b</run_address>
         <size>0x1ed</size>
         <input_file_ref idref="fl-f"/>
      </object_component>
      <object_component id="oc-4d2">
         <name>.debug_info</name>
         <load_address>0x85f8</load_address>
         <run_address>0x85f8</run_address>
         <size>0x193</size>
         <input_file_ref idref="fl-f"/>
      </object_component>
      <object_component id="oc-4e4">
         <name>.debug_info</name>
         <load_address>0x878b</load_address>
         <run_address>0x878b</run_address>
         <size>0x1bb</size>
         <input_file_ref idref="fl-f"/>
      </object_component>
      <object_component id="oc-4ea">
         <name>.debug_info</name>
         <load_address>0x8946</load_address>
         <run_address>0x8946</run_address>
         <size>0x153</size>
         <input_file_ref idref="fl-f"/>
      </object_component>
      <object_component id="oc-4ba">
         <name>.debug_info</name>
         <load_address>0x8a99</load_address>
         <run_address>0x8a99</run_address>
         <size>0x191</size>
         <input_file_ref idref="fl-f"/>
      </object_component>
      <object_component id="oc-4cc">
         <name>.debug_info</name>
         <load_address>0x8c2a</load_address>
         <run_address>0x8c2a</run_address>
         <size>0x16f</size>
         <input_file_ref idref="fl-f"/>
      </object_component>
      <object_component id="oc-4d8">
         <name>.debug_info</name>
         <load_address>0x8d99</load_address>
         <run_address>0x8d99</run_address>
         <size>0x16b</size>
         <input_file_ref idref="fl-f"/>
      </object_component>
      <object_component id="oc-3ac">
         <name>.debug_info</name>
         <load_address>0x8f04</load_address>
         <run_address>0x8f04</run_address>
         <size>0x11b</size>
         <input_file_ref idref="fl-11"/>
      </object_component>
      <object_component id="oc-388">
         <name>.debug_info</name>
         <load_address>0x901f</load_address>
         <run_address>0x901f</run_address>
         <size>0x178</size>
         <input_file_ref idref="fl-1a"/>
      </object_component>
      <object_component id="oc-544">
         <name>.debug_info</name>
         <load_address>0x9197</load_address>
         <run_address>0x9197</run_address>
         <size>0x138</size>
         <input_file_ref idref="fl-35"/>
      </object_component>
      <object_component id="oc-5f5">
         <name>.debug_info</name>
         <load_address>0x92cf</load_address>
         <run_address>0x92cf</run_address>
         <size>0x124</size>
         <input_file_ref idref="fl-36"/>
      </object_component>
      <object_component id="oc-299">
         <name>.debug_info</name>
         <load_address>0x93f3</load_address>
         <run_address>0x93f3</run_address>
         <size>0x112</size>
         <input_file_ref idref="fl-45"/>
      </object_component>
      <object_component id="oc-590">
         <name>.debug_info</name>
         <load_address>0x9505</load_address>
         <run_address>0x9505</run_address>
         <size>0x123</size>
         <input_file_ref idref="fl-46"/>
      </object_component>
      <object_component id="oc-5a6">
         <name>.debug_info</name>
         <load_address>0x9628</load_address>
         <run_address>0x9628</run_address>
         <size>0x123</size>
         <input_file_ref idref="fl-47"/>
      </object_component>
      <object_component id="oc-31c">
         <name>.debug_info</name>
         <load_address>0x974b</load_address>
         <run_address>0x974b</run_address>
         <size>0x124</size>
         <input_file_ref idref="fl-48"/>
      </object_component>
      <object_component id="oc-641">
         <name>.debug_info</name>
         <load_address>0x986f</load_address>
         <run_address>0x986f</run_address>
         <size>0x124</size>
         <input_file_ref idref="fl-49"/>
      </object_component>
      <object_component id="oc-27c">
         <name>.debug_info</name>
         <load_address>0x9993</load_address>
         <run_address>0x9993</run_address>
         <size>0x100</size>
         <input_file_ref idref="fl-4a"/>
      </object_component>
      <object_component id="oc-2ba">
         <name>.debug_info</name>
         <load_address>0x9a93</load_address>
         <run_address>0x9a93</run_address>
         <size>0x17a</size>
         <input_file_ref idref="fl-4a"/>
      </object_component>
      <object_component id="oc-565">
         <name>.debug_info</name>
         <load_address>0x9c0d</load_address>
         <run_address>0x9c0d</run_address>
         <size>0x4a8</size>
         <input_file_ref idref="fl-4b"/>
      </object_component>
      <object_component id="oc-40e">
         <name>.debug_info</name>
         <load_address>0xa0b5</load_address>
         <run_address>0xa0b5</run_address>
         <size>0x216</size>
         <input_file_ref idref="fl-4b"/>
      </object_component>
      <object_component id="oc-613">
         <name>.debug_info</name>
         <load_address>0xa2cb</load_address>
         <run_address>0xa2cb</run_address>
         <size>0x39</size>
         <input_file_ref idref="fl-4b"/>
      </object_component>
      <object_component id="oc-61f">
         <name>.debug_info</name>
         <load_address>0xa304</load_address>
         <run_address>0xa304</run_address>
         <size>0x2c</size>
         <input_file_ref idref="fl-4b"/>
      </object_component>
      <object_component id="oc-570">
         <name>.debug_info</name>
         <load_address>0xa330</load_address>
         <run_address>0xa330</run_address>
         <size>0x2c</size>
         <input_file_ref idref="fl-4b"/>
      </object_component>
      <object_component id="oc-618">
         <name>.debug_info</name>
         <load_address>0xa35c</load_address>
         <run_address>0xa35c</run_address>
         <size>0xcd</size>
         <input_file_ref idref="fl-4b"/>
      </object_component>
      <object_component id="oc-33d">
         <name>.debug_info</name>
         <load_address>0xa429</load_address>
         <run_address>0xa429</run_address>
         <size>0x153</size>
         <input_file_ref idref="fl-4f"/>
      </object_component>
      <object_component id="oc-55f">
         <name>.debug_info</name>
         <load_address>0xa57c</load_address>
         <run_address>0xa57c</run_address>
         <size>0x150</size>
         <input_file_ref idref="fl-50"/>
      </object_component>
      <object_component id="oc-295">
         <name>.debug_info</name>
         <load_address>0xa6cc</load_address>
         <run_address>0xa6cc</run_address>
         <size>0x1da</size>
         <input_file_ref idref="fl-51"/>
      </object_component>
      <object_component id="oc-6b">
         <name>.debug_info</name>
         <load_address>0xa8a6</load_address>
         <run_address>0xa8a6</run_address>
         <size>0x1f2</size>
         <input_file_ref idref="fl-51"/>
      </object_component>
      <object_component id="oc-290">
         <name>.debug_info</name>
         <load_address>0xaa98</load_address>
         <run_address>0xaa98</run_address>
         <size>0x46</size>
         <input_file_ref idref="fl-51"/>
      </object_component>
      <object_component id="oc-65">
         <name>.debug_info</name>
         <load_address>0xaade</load_address>
         <run_address>0xaade</run_address>
         <size>0x2b8</size>
         <input_file_ref idref="fl-52"/>
      </object_component>
      <object_component id="oc-35e">
         <name>.debug_info</name>
         <load_address>0xad96</load_address>
         <run_address>0xad96</run_address>
         <size>0x46</size>
         <input_file_ref idref="fl-52"/>
      </object_component>
      <object_component id="oc-2e5">
         <name>.debug_info</name>
         <load_address>0xaddc</load_address>
         <run_address>0xaddc</run_address>
         <size>0x39</size>
         <input_file_ref idref="fl-52"/>
      </object_component>
      <object_component id="oc-280">
         <name>.debug_info</name>
         <load_address>0xae15</load_address>
         <run_address>0xae15</run_address>
         <size>0x60</size>
         <input_file_ref idref="fl-52"/>
      </object_component>
      <object_component id="oc-5d8">
         <name>.debug_info</name>
         <load_address>0xae75</load_address>
         <run_address>0xae75</run_address>
         <size>0x19d</size>
         <input_file_ref idref="fl-53"/>
      </object_component>
      <object_component id="oc-511">
         <name>.debug_info</name>
         <load_address>0xb012</load_address>
         <run_address>0xb012</run_address>
         <size>0x252</size>
         <input_file_ref idref="fl-53"/>
      </object_component>
      <object_component id="oc-5d3">
         <name>.debug_info</name>
         <load_address>0xb264</load_address>
         <run_address>0xb264</run_address>
         <size>0x94</size>
         <input_file_ref idref="fl-53"/>
      </object_component>
      <object_component id="oc-517">
         <name>.debug_info</name>
         <load_address>0xb2f8</load_address>
         <run_address>0xb2f8</run_address>
         <size>0x17c</size>
         <input_file_ref idref="fl-54"/>
      </object_component>
      <object_component id="oc-5dc">
         <name>.debug_info</name>
         <load_address>0xb474</load_address>
         <run_address>0xb474</run_address>
         <size>0x1b0</size>
         <input_file_ref idref="fl-55"/>
      </object_component>
      <object_component id="oc-50d">
         <name>.debug_info</name>
         <load_address>0xb624</load_address>
         <run_address>0xb624</run_address>
         <size>0x166</size>
         <input_file_ref idref="fl-56"/>
      </object_component>
      <object_component id="oc-63e">
         <name>.debug_info</name>
         <load_address>0xb78a</load_address>
         <run_address>0xb78a</run_address>
         <size>0x166</size>
         <input_file_ref idref="fl-57"/>
      </object_component>
      <object_component id="oc-5c8">
         <name>.debug_info</name>
         <load_address>0xb8f0</load_address>
[...]
      </symbol>
      <symbol id="sm-44f">
         <name>CS_initClockSignal</name>
         <value>0xdea8</value>
         <object_component_ref idref="oc-481"/>
      </symbol>
      <symbol id="sm-485">
         <name>EUSCI_A_UART_enableInterrupt</name>
         <value>0xeb00</value>
         <object_component_ref idref="oc-4a9"/>
      </symbol>
      <symbol id="sm-486">
         <name>EUSCI_A_UART_init</name>
         <value>0xe15e</value>
         <object_component_ref idref="oc-49d"/>
      </symbol>
      <symbol id="sm-487">
         <name>EUSCI_A_UART_enable</name>
         <value>0xed0a</value>
         <object_component_ref idref="oc-4a3"/>
      </symbol>
      <symbol id="sm-488">
         <name>EUSCI_A_UART_receiveData</name>
         <value>0xebe8</value>
         <object_component_ref idref="oc-315"/>
      </symbol>
      <symbol id="sm-489">
         <name>EUSCI_A_UART_getInterruptStatus</name>
         <value>0xecda</value>
         <object_component_ref idref="oc-309"/>
      </symbol>
      <symbol id="sm-48a">
         <name>EUSCI_A_UART_clearInterrupt</name>
         <value>0xed04</value>
         <object_component_ref idref="oc-30f"/>
      </symbol>
      <symbol id="sm-4d7">
         <name>GPIO_setOutputHighOnPin</name>
         <value>0xeb7c</value>
         <object_component_ref idref="oc-529"/>
      </symbol>
      <symbol id="sm-4d8">
         <name>GPIO_setAsInputPinWithPullUpResistor</name>
         <value>0xeaa2</value>
         <object_component_ref idref="oc-44f"/>
      </symbol>
      <symbol id="sm-4d9">
         <name>GPIO_setAsOutputPin</name>
         <value>0xeb34</value>
         <object_component_ref idref="oc-449"/>
      </symbol>
      <symbol id="sm-4da">
         <name>GPIO_setOutputLowOnPin</name>
         <value>0xeb92</value>
         <object_component_ref idref="oc-443"/>
      </symbol>
      <symbol id="sm-4db">
         <name>GPIO_setAsPeripheralModuleFunctionOutputPin</name>
         <value>0xe90e</value>
         <object_component_ref idref="oc-48e"/>
      </symbol>
      <symbol id="sm-4dc">
         <name>GPIO_getInputPinValue</name>
         <value>0xeb1a</value>
         <object_component_ref idref="oc-3b8"/>
      </symbol>
      <symbol id="sm-4dd">
         <name>GPIO_setAsPeripheralModuleFunctionInputPin</name>
         <value>0xe8da</value>
         <object_component_ref idref="oc-456"/>
      </symbol>
      <symbol id="sm-53e">
         <name>LCD_E_clearAllMemory</name>
         <value>0xed10</value>
         <object_component_ref idref="oc-4d7"/>
      </symbol>
      <symbol id="sm-53f">
         <name>LCD_E_on</name>
         <value>0xec72</value>
         <object_component_ref idref="oc-4e9"/>
      </symbol>
      <symbol id="sm-540">
         <name>LCD_E_setPinAsCOM</name>
         <value>0xe022</value>
         <object_component_ref idref="oc-4dd"/>
      </symbol>
      <symbol id="sm-541">
         <name>LCD_E_setVLCDSource</name>
         <value>0xec10</value>
         <object_component_ref idref="oc-4bf"/>
      </symbol>
      <symbol id="sm-542">
         <name>LCD_E_selectDisplayMemory</name>
         <value>0xecac</value>
         <object_component_ref idref="oc-4e3"/>
      </symbol>
      <symbol id="sm-543">
         <name>LCD_E_setChargePumpFreq</name>
         <value>0xec7e</value>
         <object_component_ref idref="oc-4d1"/>
      </symbol>
      <symbol id="sm-544">
         <name>LCD_E_init</name>
         <value>0xea2c</value>
         <object_component_ref idref="oc-4b9"/>
      </symbol>
      <symbol id="sm-545">
         <name>LCD_E_enableChargePump</name>
         <value>0xece2</value>
         <object_component_ref idref="oc-4cb"/>
      </symbol>
      <symbol id="sm-546">
         <name>LCD_E_setVLCDVoltage</name>
         <value>0xec8a</value>
         <object_component_ref idref="oc-4c5"/>
      </symbol>
      <symbol id="sm-547">
         <name>LCD_E_setPinAsLCDFunctionEx</name>
         <value>0xe2fa</value>
         <object_component_ref idref="oc-4b0"/>
      </symbol>
      <symbol id="sm-551">
         <name>PMM_unlockLPM5</name>
         <value>0xed16</value>
         <object_component_ref idref="oc-3ab"/>
      </symbol>
      <symbol id="sm-562">
         <name>WDT_A_hold</name>
         <value>0xeba8</value>
         <object_component_ref idref="oc-387"/>
      </symbol>
      <symbol id="sm-56e">
         <name>__mspabi_remi</name>
         <value>0xea00</value>
         <object_component_ref idref="oc-542"/>
      </symbol>
      <symbol id="sm-56f">
         <name>__mspabi_divi</name>
         <value>0xea00</value>
         <object_component_ref idref="oc-542"/>
      </symbol>
      <symbol id="sm-579">
         <name>__mspabi_remu</name>
         <value>0xebbe</value>
         <object_component_ref idref="oc-5f4"/>
      </symbol>
      <symbol id="sm-57a">
         <name>__mspabi_divu</name>
         <value>0xebbe</value>
         <object_component_ref idref="oc-5f4"/>
      </symbol>
      <symbol id="sm-57f">
         <name>__TI_int45</name>
         <value>0xffe2</value>
         <object_component_ref idref="oc-70"/>
      </symbol>
      <symbol id="sm-582">
         <name>__TI_int46</name>
         <value>0xffe4</value>
         <object_component_ref idref="oc-71"/>
      </symbol>
      <symbol id="sm-585">
         <name>__TI_int47</name>
         <value>0xffe6</value>
         <object_component_ref idref="oc-72"/>
      </symbol>
      <symbol id="sm-588">
         <name>__TI_int49</name>
         <value>0xffea</value>
         <object_component_ref idref="oc-74"/>
      </symbol>
      <symbol id="sm-58b">
         <name>__TI_int51</name>
         <value>0xffee</value>
         <object_component_ref idref="oc-76"/>
      </symbol>
      <symbol id="sm-58e">
         <name>__TI_int52</name>
         <value>0xfff0</value>
         <object_component_ref idref="oc-77"/>
      </symbol>
      <symbol id="sm-591">
         <name>__TI_int53</name>
         <value>0xfff2</value>
         <object_component_ref idref="oc-78"/>
      </symbol>
      <symbol id="sm-594">
         <name>__TI_int54</name>
         <value>0xfff4</value>
         <object_component_ref idref="oc-79"/>
      </symbol>
      <symbol id="sm-597">
         <name>__TI_int55</name>
         <value>0xfff6</value>
         <object_component_ref idref="oc-7a"/>
      </symbol>
      <symbol id="sm-59a">
         <name>__TI_int56</name>
         <value>0xfff8</value>
         <object_component_ref idref="oc-7b"/>
      </symbol>
      <symbol id="sm-59d">
         <name>__TI_int57</name>
         <value>0xfffa</value>
         <object_component_ref idref="oc-7c"/>
      </symbol>
      <symbol id="sm-5a0">
         <name>__TI_int58</name>
         <value>0xfffc</value>
         <object_component_ref idref="oc-7d"/>
      </symbol>
      <symbol id="sm-5a8">
         <name>__TI_ISR_TRAP</name>
         <value>0xecea</value>
         <object_component_ref idref="oc-296"/>
      </symbol>
      <symbol id="sm-5b1">
         <name>__mspabi_slli</name>
         <value>0xecb6</value>
         <object_component_ref idref="oc-58f"/>
      </symbol>
      <symbol id="sm-5ba">
         <name>__mspabi_srli</name>
         <value>0xecc0</value>
         <object_component_ref idref="oc-5a5"/>
      </symbol>
      <symbol id="sm-5c4">
         <name>__mspabi_mpyi_sw</name>
         <value>0xebfc</value>
         <object_component_ref idref="oc-31b"/>
      </symbol>
      <symbol id="sm-5c5">
         <name>__mspabi_mpyi</name>
         <value>0xebfc</value>
         <object_component_ref idref="oc-31b"/>
      </symbol>
      <symbol id="sm-5cf">
         <name>__mspabi_mpyl_sw</name>
         <value>0xea7c</value>
         <object_component_ref idref="oc-63f"/>
      </symbol>
      <symbol id="sm-5d0">
         <name>__mspabi_mpyl</name>
         <value>0xea7c</value>
         <object_component_ref idref="oc-63f"/>
      </symbol>
      <symbol id="sm-5e0">
         <name>_stack</name>
         <value>0x2760</value>
         <object_component_ref idref="oc-27b"/>
      </symbol>
      <symbol id="sm-5e1">
         <name>_c_int00_noargs</name>
         <value>0xeae4</value>
         <object_component_ref idref="oc-2b9"/>
      </symbol>
      <symbol id="sm-5e2">
         <name>_reset_vector</name>
         <value>0xfffe</value>
         <object_component_ref idref="oc-27e"/>
      </symbol>
      <symbol id="sm-604">
         <name>__TI_auto_init_nobinit_nopinit_hold_wdt</name>
         <value>0xe560</value>
         <object_component_ref idref="oc-40d"/>
      </symbol>
      <symbol id="sm-610">
         <name>_system_pre_init</name>
         <value>0xed22</value>
         <object_component_ref idref="oc-33c"/>
      </symbol>
      <symbol id="sm-619">
         <name>_system_post_cinit</name>
         <value>0xed26</value>
         <object_component_ref idref="oc-55e"/>
      </symbol>
      <symbol id="sm-62a">
         <name>__TI_decompress_none</name>
         <value>0xe86a</value>
         <object_component_ref idref="oc-6a"/>
      </symbol>
      <symbol id="sm-64b">
         <name>__TI_decompress_lzss</name>
         <value>0xdb46</value>
         <object_component_ref idref="oc-64"/>
      </symbol>
      <symbol id="sm-671">
         <name>__mspabi_divd</name>
         <value>0xd42a</value>
         <object_component_ref idref="oc-510"/>
      </symbol>
      <symbol id="sm-67e">
         <name>__mspabi_fixdi</name>
         <value>0xea54</value>
         <object_component_ref idref="oc-516"/>
      </symbol>
      <symbol id="sm-68d">
         <name>__mspabi_fixdli</name>
         <value>0xe5ca</value>
         <object_component_ref idref="oc-5d9"/>
      </symbol>
      <symbol id="sm-696">
         <name>__mspabi_fltid</name>
         <value>0xec96</value>
         <object_component_ref idref="oc-50a"/>
      </symbol>
      <symbol id="sm-6ae">
         <name>__mspabi_fltlid</name>
         <value>0xe0c0</value>
         <object_component_ref idref="oc-5c5"/>
      </symbol>
      <symbol id="sm-6c9">
         <name>__TI_frcdivd</name>
         <value>0xc5ba</value>
         <object_component_ref idref="oc-5cc"/>
      </symbol>
      <symbol id="sm-6ea">
         <name>__mspabi_mpyd</name>
         <value>0xcf7e</value>
         <object_component_ref idref="oc-51c"/>
      </symbol>
      <symbol id="sm-6f3">
         <name>__mspabi_subd</name>
         <value>0xe9d2</value>
         <object_component_ref idref="oc-522"/>
      </symbol>
      <symbol id="sm-6fd">
         <name>C$$EXIT</name>
         <value>0xed1c</value>
         <object_component_ref idref="oc-3e9"/>
      </symbol>
      <symbol id="sm-6fe">
         <name>abort</name>
         <value>0xed1c</value>
         <object_component_ref idref="oc-3e9"/>
      </symbol>
      <symbol id="sm-713">
         <name>atoi</name>
         <value>0xe6e0</value>
         <object_component_ref idref="oc-323"/>
      </symbol>
      <symbol id="sm-71d">
         <name>_ctypes_</name>
         <value>0xc42a</value>
         <object_component_ref idref="oc-375"/>
      </symbol>
      <symbol id="sm-72b">
         <name>memcpy</name>
         <value>0xec22</value>
         <object_component_ref idref="oc-497"/>
      </symbol>
      <symbol id="sm-738">
         <name>strlen</name>
         <value>0xec64</value>
         <object_component_ref idref="oc-4f6"/>
      </symbol>
      <symbol id="sm-748">
         <name>__mspabi_sral</name>
         <value>0xec34</value>
         <object_component_ref idref="oc-67c"/>
      </symbol>
      <symbol id="sm-749">
         <name>__mspabi_sral_15</name>
         <value>0xe7b0</value>
         <object_component_ref idref="oc-644"/>
      </symbol>
      <symbol id="sm-74a">
         <name>__mspabi_sral_14</name>
         <value>0xe7b4</value>
         <object_component_ref idref="oc-644"/>
      </symbol>
      <symbol id="sm-74b">
         <name>__mspabi_sral_13</name>
         <value>0xe7b8</value>
         <object_component_ref idref="oc-644"/>
      </symbol>
      <symbol id="sm-74c">
         <name>__mspabi_sral_12</name>
         <value>0xe7bc</value>
         <object_component_ref idref="oc-644"/>
      </symbol>
      <symbol id="sm-74d">
         <name>__mspabi_sral_11</name>
         <value>0xe7c0</value>
         <object_component_ref idref="oc-644"/>
      </symbol>
      <symbol id="sm-74e">
         <name>__mspabi_sral_10</name>
         <value>0xe7c4</value>
         <object_component_ref idref="oc-644"/>
      </symbol>
      <symbol id="sm-74f">
         <name>__mspabi_sral_8</name>
         <value>0xe7cc</value>
         <object_component_ref idref="oc-644"/>
      </symbol>
      <symbol id="sm-750">
         <name>__mspabi_sral_9</name>
         <value>0xe7c8</value>
         <object_component_ref idref="oc-644"/>
      </symbol>
      <symbol id="sm-751">
         <name>__mspabi_sral_6</name>
         <value>0xe7d4</value>
         <object_component_ref idref="oc-644"/>
      </symbol>
      <symbol id="sm-752">
         <name>__mspabi_sral_7</name>
         <value>0xe7d0</value>
         <object_component_ref idref="oc-644"/>
      </symbol>
      <symbol id="sm-753">
         <name>__mspabi_sral_4</name>
         <value>0xe7dc</value>
         <object_component_ref idref="oc-644"/>
      </symbol>
      <symbol id="sm-754">
         <name>__mspabi_sral_5</name>
         <value>0xe7d8</value>
         <object_component_ref idref="oc-644"/>
      </symbol>
      <symbol id="sm-755">
         <name>__mspabi_sral_2</name>
         <value>0xe7e4</value>
         <object_component_ref idref="oc-644"/>
      </symbol>
      <symbol id="sm-756">
         <name>__mspabi_sral_3</name>
         <value>0xe7e0</value>
         <object_component_ref idref="oc-644"/>
      </symbol>
      <symbol id="sm-757">
         <name>__mspabi_sral_1</name>
         <value>0xe7e8</value>
         <object_component_ref idref="oc-644"/>
      </symbol>
      <symbol id="sm-762">
         <name>__memcpy_far</name>
         <value>0xe732</value>
         <object_component_ref idref="oc-28a"/>
      </symbol>
      <symbol id="sm-772">
         <name>__mspabi_slll_9</name>
         <value>0xe806</value>
         <object_component_ref idref="oc-633"/>
      </symbol>
      <symbol id="sm-773">
         <name>__mspabi_slll_8</name>
         <value>0xe80a</value>
         <object_component_ref idref="oc-633"/>
      </symbol>
      <symbol id="sm-774">
         <name>__mspabi_slll_7</name>
         <value>0xe80e</value>
         <object_component_ref idref="oc-633"/>
      </symbol>
      <symbol id="sm-775">
         <name>__mspabi_slll_6</name>
         <value>0xe812</value>
         <object_component_ref idref="oc-633"/>
      </symbol>
      <symbol id="sm-776">
         <name>__mspabi_slll_5</name>
         <value>0xe816</value>
         <object_component_ref idref="oc-633"/>
      </symbol>
      <symbol id="sm-777">
         <name>__mspabi_slll_4</name>
         <value>0xe81a</value>
         <object_component_ref idref="oc-633"/>
      </symbol>
      <symbol id="sm-778">
         <name>__mspabi_slll_3</name>
         <value>0xe81e</value>
         <object_component_ref idref="oc-633"/>
      </symbol>
      <symbol id="sm-779">
         <name>__mspabi_slll_2</name>
         <value>0xe822</value>
         <object_component_ref idref="oc-633"/>
      </symbol>
      <symbol id="sm-77a">
         <name>__mspabi_slll_1</name>
         <value>0xe826</value>
         <object_component_ref idref="oc-633"/>
      </symbol>
      <symbol id="sm-77b">
         <name>__mspabi_slll</name>
         <value>0xec44</value>
         <object_component_ref idref="oc-677"/>
      </symbol>
      <symbol id="sm-77c">
         <name>__mspabi_slll_15</name>
         <value>0xe7ee</value>
         <object_component_ref idref="oc-633"/>
      </symbol>
      <symbol id="sm-77d">
         <name>__mspabi_slll_14</name>
         <value>0xe7f2</value>
         <object_component_ref idref="oc-633"/>
      </symbol>
      <symbol id="sm-77e">
         <name>__mspabi_slll_13</name>
         <value>0xe7f6</value>
         <object_component_ref idref="oc-633"/>
      </symbol>
      <symbol id="sm-77f">
         <name>__mspabi_slll_12</name>
         <value>0xe7fa</value>
         <object_component_ref idref="oc-633"/>
      </symbol>
      <symbol id="sm-780">
         <name>__mspabi_slll_11</name>
         <value>0xe7fe</value>
         <object_component_ref idref="oc-633"/>
      </symbol>
      <symbol id="sm-781">
         <name>__mspabi_slll_10</name>
         <value>0xe802</value>
         <object_component_ref idref="oc-633"/>
      </symbol>
      <symbol id="sm-791">
         <name>__mspabi_srll_8</name>
         <value>0xe848</value>
         <object_component_ref idref="oc-638"/>
      </symbol>
      <symbol id="sm-792">
         <name>__mspabi_srll_9</name>
         <value>0xe844</value>
         <object_component_ref idref="oc-638"/>
      </symbol>
      <symbol id="sm-793">
         <name>__mspabi_srll_6</name>
         <value>0xe850</value>
         <object_component_ref idref="oc-638"/>
      </symbol>
      <symbol id="sm-794">
         <name>__mspabi_srll_7</name>
         <value>0xe84c</value>
         <object_component_ref idref="oc-638"/>
      </symbol>
      <symbol id="sm-795">
         <name>__mspabi_srll_4</name>
         <value>0xe858</value>
         <object_component_ref idref="oc-638"/>
      </symbol>
      <symbol id="sm-796">
         <name>__mspabi_srll_5</name>
         <value>0xe854</value>
         <object_component_ref idref="oc-638"/>
      </symbol>
      <symbol id="sm-797">
         <name>__mspabi_srll_2</name>
         <value>0xe860</value>
         <object_component_ref idref="oc-638"/>
      </symbol>
      <symbol id="sm-798">
         <name>__mspabi_srll_3</name>
         <value>0xe85c</value>
         <object_component_ref idref="oc-638"/>
      </symbol>
      <symbol id="sm-799">
         <name>__mspabi_srll_1</name>
         <value>0xe864</value>
         <object_component_ref idref="oc-638"/>
      </symbol>
      <symbol id="sm-79a">
         <name>__mspabi_srll_15</name>
         <value>0xe82c</value>
         <object_component_ref idref="oc-638"/>
      </symbol>
      <symbol id="sm-79b">
         <name>__mspabi_srll_14</name>
         <value>0xe830</value>
         <object_component_ref idref="oc-638"/>
      </symbol>
      <symbol id="sm-79c">
         <name>__mspabi_srll_13</name>
         <value>0xe834</value>
         <object_component_ref idref="oc-638"/>
      </symbol>
      <symbol id="sm-79d">
         <name>__mspabi_srll_12</name>
         <value>0xe838</value>
         <object_component_ref idref="oc-638"/>
      </symbol>
      <symbol id="sm-79e">
         <name>__mspabi_srll_11</name>
         <value>0xe83c</value>
         <object_component_ref idref="oc-638"/>
      </symbol>
      <symbol id="sm-79f">
         <name>__mspabi_srll_10</name>
         <value>0xe840</value>
         <object_component_ref idref="oc-638"/>
      </symbol>
      <symbol id="sm-7a0">
         <name>__mspabi_srll</name>
         <value>0xec54</value>
         <object_component_ref idref="oc-64d"/>
      </symbol>
      <symbol id="sm-7c4">
         <name>__mspabi_addd</name>
         <value>0xca20</value>
         <object_component_ref idref="oc-5e8"/>
      </symbol>
      <symbol id="sm-7e5">
         <name>__TI_frcaddd</name>
         <value>0xd1e2</value>
         <object_component_ref idref="oc-657"/>
      </symbol>
      <symbol id="sm-7f5">
         <name>__TI_frcmpyd</name>
         <value>0xccfe</value>
         <object_component_ref idref="oc-5e0"/>
      </symbol>
      <symbol id="sm-809">
         <name>__TI_renormd</name>
         <value>0xdf70</value>
         <object_component_ref idref="oc-681"/>
      </symbol>
   </symbol_table>
   <title>Link successful</title>
</link_info>
